eets Jul 29 2019 12:21:46

rst:0x1 (POWERON_RESET),boot:0x3 (DOWNLOAD_BOOT(UART0/UART1/SDIO_REI_REO_V2))
waiting for download
ets Jul 29 2019 12:21:46

rst:0x1 (POWERON_RESET),boot:0x13 (SPI_FAST_FLASH_BOOT)
configsip: 0, SPIWP:0xee
clk_drv:0x00,q_drv:0x00,d_drv:0x00,cs0_drv:0x00,hd_drv:0x00,wp_drv:0x00
mode:DIO, clock div:2
load:0x3fff0030,len:7176
load:0x40078000,len:15564
ho 0 tail 12 room 4
load:0x40080400,len:4
load:0x40080404,len:3904
entry 0x40080640
[0;32mI (31) boot: ESP-IDF v5.3.1-dirty 2nd stage bootloader[0m
[0;32mI (31) boot: compile time Jan 30 2025 13:25:58[0m
[0;32mI (31) boot: Multicore bootloader[0m
[0;32mI (36) boot: chip revision: v3.1[0m
[0;32mI (40) boot.esp32: SPI Speed      : 40MHz[0m
[0;32mI (44) boot.esp32: SPI Mode       : DIO[0m
[0;32mI (49) boot.esp32: SPI Flash Size : 4MB[0m
[0;32mI (53) boot: Enabling RNG early entropy source...[0m
[0;32mI (59) boot: Partition Table:[0m
[0;32mI (62) boot: ## Label            Usage          Type ST Offset   Length[0m
[0;32mI (70) boot:  0 nvs              WiFi data        01 02 00009000 00006000[0m
[0;32mI (77) boot:  1 phy_init         RF data          01 01 0000f000 00001000[0m
[0;32mI (85) boot:  2 factory          factory app      00 00 00010000 00100000[0m
[0;32mI (92) boot: End of partition table[0m
[0;32mI (96) esp_image: segment 0: paddr=00010020 vaddr=3f400020 size=0de20h ( 56864) map[0m
[0;32mI (124) esp_image: segment 1: paddr=0001de48 vaddr=3ffb0000 size=021d0h (  8656) load[0m
[0;32mI (128) esp_image: segment 2: paddr=00020020 vaddr=400d0020 size=23634h (144948) map[0m
[0;32mI (180) esp_image: segment 3: paddr=0004365c vaddr=3ffb21d0 size=0045ch (  1116) load[0m
[0;32mI (180) esp_image: segment 4: paddr=00043ac0 vaddr=40080000 size=0f804h ( 63492) load[0m
[0;32mI (218) boot: Loaded app from partition at offset 0x10000[0m
[0;32mI (218) boot: Disabling RNG early entropy source...[0m
[0;32mI (230) cpu_start: Multicore app[0m
[0;32mI (238) cpu_start: Pro cpu start user code[0m
[0;32mI (238) cpu_start: cpu freq: 160000000 Hz[0m
[0;32mI (239) app_init: Application information:[0m
[0;32mI (241) app_init: Project name:     app-template[0m
[0;32mI (247) app_init: App version:      1[0m
[0;32mI (251) app_init: Compile time:     Jan 30 2025 13:25:18[0m
[0;32mI (257) app_init: ELF file SHA256:  94b89b25a...[0m
[0;32mI (262) app_init: ESP-IDF:          v5.3.1-dirty[0m
[0;32mI (268) efuse_init: Min chip rev:     v0.0[0m
[0;32mI (272) efuse_init: Max chip rev:     v3.99 [0m
[0;32mI (277) efuse_init: Chip rev:         v3.1[0m
[0;32mI (282) heap_init: Initializing. RAM available for dynamic allocation:[0m
[0;32mI (290) heap_init: At 3FFAE6E0 len 00001920 (6 KiB): DRAM[0m
[0;32mI (295) heap_init: At 3FFB2F90 len 0002D070 (180 KiB): DRAM[0m
[0;32mI (302) heap_init: At 3FFE0440 len 00003AE0 (14 KiB): D/IRAM[0m
[0;32mI (308) heap_init: At 3FFE4350 len 0001BCB0 (111 KiB): D/IRAM[0m
[0;32mI (314) heap_init: At 4008F804 len 000107FC (65 KiB): IRAM[0m
[0;32mI (322) spi_flash: detected chip: generic[0m
[0;32mI (325) spi_flash: flash io: dio[0m
[0;32mI (330) main_task: Started on CPU0[0m
[0;32mI (340) main_task: Calling app_main()[0m
[0;31mE (340) SPIFFS: spiffs partition could not be found[0m
ESP_ERROR_CHECK failed: esp_err_t 0x105 (ESP_ERR_NOT_FOUND) at 0x400d694d
file: "./main/main.c" line 90
func: app_main
expression: esp_vfs_spiffs_register(&conf)

abort() was called at PC 0x400871ff on core 0


Backtrace: 0x400819c2:0x3ffb4150 0x40087209:0x3ffb4170 0x4008e0dd:0x3ffb4190 0x400871ff:0x3ffb4200 0x400d694d:0x3ffb4230 0x400f2dec:0x3ffb4280 0x40087c9d:0x3ffb42b0




ELF file SHA256: 94b89b25a

Rebooting...
ets Jul 29 2019 12:21:46

rst:0xc (SW_CPU_RESET),boot:0x13 (SPI_FAST_FLASH_BOOT)
configsip: 0, SPIWP:0xee
clk_drv:0x00,q_drv:0x00,d_drv:0x00,cs0_drv:0x00,hd_drv:0x00,wp_drv:0x00
mode:DIO, clock div:2
load:0x3fff0030,len:7176
load:0x40078000,len:15564
ho 0 tail 12 room 4
load:0x40080400,len:4
load:0x40080404,len:3904
entry 0x40080640
[0;32mI (31) boot: ESP-IDF v5.3.1-dirty 2nd stage bootloader[0m
[0;32mI (31) boot: compile time Jan 30 2025 13:25:58[0m
[0;32mI (31) boot: Multicore bootloader[0m
[0;32mI (36) boot: chip revision: v3.1[0m
[0;32mI (40) boot.esp32: SPI Speed      : 40MHz[0m
[0;32mI (44) boot.esp32: SPI Mode       : DIO[0m
[0;32mI (49) boot.esp32: SPI Flash Size : 4MB[0m
[0;32mI (53) boot: Enabling RNG early entropy source...[0m
[0;32mI (59) boot: Partition Table:[0m
[0;32mI (62) boot: ## Label            Usage          Type ST Offset   Length[0m
[0;32mI (70) boot:  0 nvs              WiFi data        01 02 00009000 00006000[0m
[0;32mI (77) boot:  1 phy_init         RF data          01 01 0000f000 00001000[0m
[0;32mI (85) boot:  2 factory          factory app      00 00 00010000 00100000[0m
[0;32mI (92) boot: End of partition table[0m
[0;32mI (96) esp_image: segment 0: paddr=00010020 vaddr=3f400020 size=0de20h ( 56864) map[0m
[0;32mI (124) esp_image: segment 1: paddr=0001de48 vaddr=3ffb0000 size=021d0h (  8656) load[0m
[0;32mI (128) esp_image: segment 2: paddr=00020020 vaddr=400d0020 size=23634h (144948) map[0m
[0;32mI (180) esp_image: segment 3: paddr=0004365c vaddr=3ffb21d0 size=0045ch (  1116) load[0m
[0;32mI (180) esp_image: segment 4: paddr=00043ac0 vaddr=40080000 size=0f804h ( 63492) load[0m
[0;32mI (218) boot: Loaded app from partition at offset 0x10000[0m
[0;32mI (218) boot: Disabling RNG early entropy source...[0m
[0;32mI (230) cpu_start: Multicore app[0m
[0;32mI (238) cpu_start: Pro cpu start user code[0m
[0;32mI (238) cpu_start: cpu freq: 160000000 Hz[0m
[0;32mI (238) app_init: Application information:[0m
[0;32mI (241) app_init: Project name:     app-template[0m
[0;32mI (247) app_init: App version:      1[0m
[0;32mI (251) app_init: Compile time:     Jan 30 2025 13:25:18[0m
[0;32mI (257) app_init: ELF file SHA256:  94b89b25a...[0m
[0;32mI (262) app_init: ESP-IDF:          v5.3.1-dirty[0m
[0;32mI (268) efuse_init: Min chip rev:     v0.0[0m
[0;32mI (272) efuse_init: Max chip rev:     v3.99 [0m
[0;32mI (277) efuse_init: Chip rev:         v3.1[0m
[0;32mI (282) heap_init: Initializing. RAM available for dynamic allocation:[0m
[0;32mI (289) heap_init: At 3FFAE6E0 len 00001920 (6 KiB): DRAM[0m
[0;32mI (295) heap_init: At 3FFB2F90 len 0002D070 (180 KiB): DRAM[0m
[0;32mI (302) heap_init: At 3FFE0440 len 00003AE0 (14 KiB): D/IRAM[0m
[0;32mI (308) heap_init: At 3FFE4350 len 0001BCB0 (111 KiB): D/IRAM[0m
[0;32mI (314) heap_init: At 4008F804 len 000107FC (65 KiB): IRAM[0m
[0;32mI (322) spi_flash: detected chip: generic[0m
[0;32mI (325) spi_flash: flash io: dio[0m
[0;32mI (330) main_task: Started on CPU0[0m
[0;32mI (340) main_task: Calling app_main()[0m
[0;31mE (340) SPIFFS: spiffs partition could not be found[0m
ESP_ERROR_CHECK failed: esp_err_t 0x105 (ESP_ERR_NOT_FOUND) at 0x400d694d
file: "./main/main.c" line 90
func: app_main
expression: esp_vfs_spiffs_register(&conf)

abort() was called at PC 0x400871ff on core 0


Backtrace: 0x400819c2:0x3ffb4150 0x40087209:0x3ffb4170 0x4008e0dd:0x3ffb4190 0x400871ff:0x3ffb4200 0x400d694d:0x3ffb4230 0x400f2dec:0x3ffb4280 0x40087c9d:0x3ffb42b0




ELF file SHA256: 94b89b25a

Rebooting...
ets Jul 29 2019 12:21:46

rst:0xc (SW_CPU_RESET),boot:0x13 (SPI_FAST_FLASH_BOOT)
configsip: 0, SPIWP:0xee
clk_drv:0x00,q_drv:0x00,d_drv:0x00,cs0_drv:0x00,hd_drv:0x00,wp_drv:0x00
mode:DIO, clock div:2
load:0x3fff0030,len:7176
load:0x40078000,len:15564
ho 0 tail 12 room 4
load:0x40080400,len:4
load:0x40080404,len:3904
entry 0x40080640
[0;32mI (31) boot: ESP-IDF v5.3.1-dirty 2nd stage bootloader[0m
[0;32mI (31) boot: compile time Jan 30 2025 13:25:58[0m
[0;32mI (31) boot: Multicore bootloader[0m
[0;32mI (36) boot: chip revision: v3.1[0m
[0;32mI (40) boot.esp32: SPI Speed      : 40MHz[0m
[0;32mI (44) boot.esp32: SPI Mode       : DIO[0m
[0;32mI (49) boot.esp32: SPI Flash Size : 4MB[0m
[0;32mI (53) boot: Enabling RNG early entropy source...[0m
[0;32mI (59) boot: Partition Table:[0m
[0;32mI (62) boot: ## Label            Usage          Type ST Offset   Length[0m
[0;32mI (70) boot:  0 nvs              WiFi data        01 02 00009000 00006000[0m
[0;32mI (77) boot:  1 phy_init         RF data          01 01 0000f000 00001000[0m
[0;32mI (85) boot:  2 factory          factory app      00 00 00010000 00100000[0m
[0;32mI (92) boot: End of partition table[0m
[0;32mI (96) esp_image: segment 0: paddr=00010020 vaddr=3f400020 size=0de20h ( 56864) map[0m
[0;32mI (124) esp_image: segment 1: paddr=0001de48 vaddr=3ffb0000 size=021d0h (  8656) load[0m
[0;32mI (128) esp_image: segment 2: paddr=00020020 vaddr=400d0020 size=23634h (144948) map[0m
[0;32mI (180) esp_image: segment 3: paddr=0004365c vaddr=3ffb21d0 size=0045ch (  1116) load[0m
[0;32mI (180) esp_image: segment 4: paddr=00043ac0 vaddr=40080000 size=0f804h ( 63492) load[0m
[0;32mI (218) boot: Loaded app from partition at offset 0x10000[0m
[0;32mI (218) boot: Disabling RNG early entropy source...[0m
[0;32mI (230) cpu_start: Multicore app[0m
[0;32mI (238) cpu_start: Pro cpu start user code[0m
[0;32mI (238) cpu_start: cpu freq: 160000000 Hz[0m
[0;32mI (238) app_init: Application information:[0m
[0;32mI (241) app_init: Project name:     app-template[0m
[0;32mI (247) app_init: App version:      1[0m
[0;32mI (251) app_init: Compile time:     Jan 30 2025 13:25:18[0m
[0;32mI (257) app_init: ELF file SHA256:  94b89b25a...[0m
[0;32mI (262) app_init: ESP-IDF:          v5.3.1-dirty[0m
[0;32mI (268) efuse_init: Min chip rev:     v0.0[0m
[0;32mI (272) efuse_init: Max chip rev:     v3.99 [0m
[0;32mI (277) efuse_init: Chip rev:         v3.1[0m
[0;32mI (282) heap_init: Initializing. RAM available for dynamic allocation:[0m
[0;32mI (289) heap_init: At 3FFAE6E0 len 00001920 (6 KiB): DRAM[0m
[0;32mI (295) heap_init: At 3FFB2F90 len 0002D070 (180 KiB): DRAM[0m
[0;32mI (302) heap_init: At 3FFE0440 len 00003AE0 (14 KiB): D/IRAM[0m
[0;32mI (308) heap_init: At 3FFE4350 len 0001BCB0 (111 KiB): D/IRAM[0m
[0;32mI (314) heap_init: At 4008F804 len 000107FC (65 KiB): IRAM[0m
[0;32mI (322) spi_flash: detected chip: generic[0m
[0;32mI (325) spi_flash: flash io: dio[0m
[0;32mI (330) main_task: Started on CPU0[0m
[0;32mI (340) main_task: Calling app_main()[0m
[0;31mE (340) SPIFFS: spiffs partition could not be found[0m
ESP_ERROR_CHECK failed: esp_err_t 0x105 (ESP_ERR_NOT_FOUND) at 0x400d694d
file: "./main/main.c" line 90
func: app_main
expression: esp_vfs_spiffs_register(&conf)

abort() was called at PC 0x400871ff on core 0


Backtrace: 0x400819c2:0x3ffb4150 0x40087209:0x3ffb4170 0x4008e0dd:0x3ffb4190 0x400871ff:0x3ffb4200 0x400d694d:0x3ffb4230 0x400f2dec:0x3ffb4280 0x40087c9d:0x3ffb42b0




ELF file SHA256: 94b89b25a

Rebooting...
ets Jul 29 2019 12:21:46

rst:0xc (SW_CPU_RESET),boot:0x13 (SPI_FAST_FLASH_BOOT)
configsip: 0, SPIWP:0xee
clk_drv:0x00,q_drv:0x00,d_drv:0x00,cs0_drv:0x00,hd_drv:0x00,wp_drv:0x00
mode:DIO, clock div:2
load:0x3fff0030,len:7176
load:0x40078000,len:15564
ho 0 tail 12 room 4
load:0x40080400,len:4
load:0x40080404,len:3904
entry 0x40080640
[0;32mI (31) boot: ESP-IDF v5.3.1-dirty 2nd stage bootloader[0m
[0;32mI (31) boot: compile time Jan 30 2025 13:25:58[0m
[0;32mI (31) boot: Multicore bootloader[0m
[0;32mI (36) boot: chip revision: v3.1[0m
[0;32mI (40) boot.esp32: SPI Speed      : 40MHz[0m
[0;32mI (44) boot.esp32: SPI Mode       : DIO[0m
[0;32mI (49) boot.esp32: SPI Flash Size : 4MB[0m
[0;32mI (53) boot: Enabling RNG early entropy source...[0m
[0;32mI (59) boot: Partition Table:[0m
[0;32mI (62) boot: ## Label            Usage          Type ST Offset   Length[0m
[0;32mI (70) boot:  0 nvs              WiFi data        01 02 00009000 00006000[0m
[0;32mI (77) boot:  1 phy_init         RF data          01 01 0000f000 00001000[0m
[0;32mI (85) boot:  2 factory          factory app      00 00 00010000 00100000[0m
[0;32mI (92) boot: End of partition table[0m
[0;32mI (96) esp_image: segment 0: paddr=00010020 vaddr=3f400020 size=0de20h ( 56864) map[0m
[0;32mI (124) esp_image: segment 1: paddr=0001de48 vaddr=3ffb0000 size=021d0h (  8656) load[0m
[0;32mI (128) esp_image: segment 2: paddr=00020020 vaddr=400d0020 size=23634h (144948) map[0m
[0;32mI (180) esp_image: segment 3: paddr=0004365c vaddr=3ffb21d0 size=0045ch (  1116) load[0m
[0;32mI (180) esp_image: segment 4: paddr=00043ac0 vaddr=40080000 size=0f804h ( 63492) load[0m
[0;32mI (218) boot: Loaded app from partition at offset 0x10000[0m
[0;32mI (218) boot: Disabling RNG early entropy source...[0m
[0;32mI (230) cpu_start: Multicore app[0m
[0;32mI (238) cpu_start: Pro cpu start user code[0m
[0;32mI (238) cpu_start: cpu freq: 160000000 Hz[0m
[0;32mI (238) app_init: Application information:[0m
[0;32mI (241) app_init: Project name:     app-template[0m
[0;32mI (247) app_init: App version:      1[0m
[0;32mI (251) app_init: Compile time:     Jan 30 2025 13:25:18[0m
[0;32mI (257) app_init: ELF file SHA256:  94b89b25a...[0m
[0;32mI (262) app_init: ESP-IDF:          v5.3.1-dirty[0m
[0;32mI (268) efuse_init: Min chip rev:     v0.0[0m
[0;32mI (272) efuse_init: Max chip rev:     v3.99 [0m
[0;32mI (277) efuse_init: Chip rev:         v3.1[0m
[0;32mI (282) heap_init: Initializing. RAM available for dynamic allocation:[0m
[0;32mI (289) heap_init: At 3FFAE6E0 len 00001920 (6 KiB): DRAM[0m
[0;32mI (295) heap_init: At 3FFB2F90 len 0002D070 (180 KiB): DRAM[0m
[0;32mI (302) heap_init: At 3FFE0440 len 00003AE0 (14 KiB): D/IRAM[0m
[0;32mI (308) heap_init: At 3FFE4350 len 0001BCB0 (111 KiB): D/IRAM[0m
[0;32mI (314) heap_init: At 4008F804 len 000107FC (65 KiB): IRAM[0m
[0;32mI (322) spi_flash: detected chip: generic[0m
[0;32mI (325) spi_flash: flash io: dio[0m
[0;32mI (330) main_task: Started on CPU0[0m
[0;32mI (340) main_task: Calling app_main()[0m
[0;31mE (340) SPIFFS: spiffs partition could not be found[0m
ESP_ERROR_CHECK failed: esp_err_t 0x105 (ESP_ERR_NOT_FOUND) at 0x400d694d
file: "./main/main.c" line 90
func: app_main
expression: esp_vfs_spiffs_register(&conf)

abort() was called at PC 0x400871ff on core 0


Backtrace: 0x400819c2:0x3ffb4150 0x40087209:0x3ffb4170 0x4008e0dd:0x3ffb4190 0x400871ff:0x3ffb4200 0x400d694d:0x3ffb4230 0x400f2dec:0x3ffb4280 0x40087c9d:0x3ffb42b0




ELF file SHA256: 94b89b25a

Rebooting...
ets Jul 29 2019 12:21:46

rst:0xc (SW_CPU_RESET),boot:0x13 (SPI_FAST_FLASH_BOOT)
configsip: 0, SPIWP:0xee
clk_drv:0x00,q_drv:0x00,d_drv:0x00,cs0_drv:0x00,hd_drv:0x00,wp_drv:0x00
mode:DIO, clock div:2
load:0x3fff0030,len:7176
load:0x40078000,len:15564
ho 0 tail 12 room 4
load:0x40080400,len:4
load:0x40080404,len:3904
entry 0x40080640
[0;32mI (31) boot: ESP-IDF v5.3.1-dirty 2nd stage bootloader[0m
[0;32mI (31) boot: compile time Jan 30 2025 13:25:58[0m
[0;32mI (31) boot: Multicore bootloader[0m
[0;32mI (36) boot: chip revision: v3.1[0m
[0;32mI (40) boot.esp32: SPI Speed      : 40MHz[0m
[0;32mI (44) boot.esp32: SPI Mode       : DIO[0m
[0;32mI (49) boot.esp32: SPI Flash Size : 4MB[0m
[0;32mI (53) boot: Enabling RNG early entropy source...[0m
[0;32mI (59) boot: Partition Table:[0m
[0;32mI (62) boot: ## Label            Usage          Type ST Offset   Length[0m
[0;32mI (70) boot:  0 nvs              WiFi data        01 02 00009000 00006000[0m
[0;32mI (77) boot:  1 phy_init         RF data          01 01 0000f000 00001000[0m
[0;32mI (85) boot:  2 factory          factory app      00 00 00010000 00100000[0m
[0;32mI (92) boot: End of partition table[0m
[0;32mI (96) esp_image: segment 0: paddr=00010020 vaddr=3f400020 size=0de20h ( 56864) map[0m
[0;32mI (124) esp_image: segment 1: paddr=0001de48 vaddr=3ffb0000 size=021d0h (  8656) load[0m
[0;32mI (128) esp_image: segment 2: paddr=00020020 vaddr=400d0020 size=23634h (144948) map[0m
[0;32mI (180) esp_image: segment 3: paddr=0004365c vaddr=3ffb21d0 size=0045ch (  1116) load[0m
[0;32mI (180) esp_image: segment 4: paddr=00043ac0 vaddr=40080000 size=0f804h ( 63492) load[0m
[0;32m[0;32mI (218) boot: Loaded app from partition at offset 0x10000[0m[0m
[0;32mI (218) boot: Disabling RNG early entropy source...[0m
[0;32mI (230) cpu_start: Multicore app[0m
[0;32mI (238) cpu_start: Pro cpu start user code[0m
[0;32mI (238) cpu_start: cpu freq: 160000000 Hz[0m
[0;32mI (238) app_init: Application information:[0m
[0;32mI (241) app_init: Project name:     app-template[0m
[0;32mI (247) app_init: App version:      1[0m
[0;32mI (251) app_init: Compile time:     Jan 30 2025 13:25:18[0m
[0;32mI (257) app_init: ELF file SHA256:  94b89b25a...[0m
[0;32mI (262) app_init: ESP-IDF:          v5.3.1-dirty[0m
[0;32mI (268) efuse_init: Min chip rev:     v0.0[0m
[0;32mI (272) efuse_init: Max chip rev:     v3.99 [0m
[0;32mI (277) efuse_init: Chip rev:         v3.1[0m
[0;32mI (282) heap_init: Initializing. RAM available for dynamic allocation:[0m
[0;32mI (289) heap_init: At 3FFAE6E0 len 00001920 (6 KiB): DRAM[0m
[0;32mI (295) heap_init: At 3FFB2F90 len 0002D070 (180 KiB): DRAM[0m
[0;32mI (302) heap_init: At 3FFE0440 len 00003AE0 (14 KiB): D/IRAM[0m
[0;32mI (308) heap_init: At 3FFE4350 len 0001BCB0 (111 KiB): D/IRAM[0m
[0;32mI (314) heap_init: At 4008F804 len 000107FC (65 KiB): IRAM[0m
[0;32mI (322) spi_flash: detected chip: generic[0m
[0;32mI (325) spi_flash: flash io: dio[0m
[0;32mI (330) main_task: Started on CPU0[0m
[0;32mI (340) main_task: Calling app_main()[0m
[0;31mE (340) SPIFFS: spiffs partition could not be found[0m
ESP_ERROR_CHECK failed: esp_err_t 0x105 (ESP_ERR_NOT_FOUND) at 0x400d694d
file: "./main/main.c" line 90
func: app_main
expression: esp_vfs_spiffs_register(&conf)

abort() was called at PC 0x400871ff on core 0


Backtrace: 0x400819c2:0x3ffb4150 0x40087209:0x3ffb4170 0x4008e0dd:0x3ffb4190 0x400871ff:0x3ffb4200 0x400d694d:0x3ffb4230 0x400f2dec:0x3ffb4280 0x40087c9d:0x3ffb42b0




ELF file SHA256: 94b89b25a

Rebooting...
ets Jul 29 2019 12:21:46

rst:0xc (SW_CPU_RESET),boot:0x13 (SPI_FAST_FLASH_BOOT)
configsip: 0, SPIWP:0xee
clk_drv:0x00,q_drv:0x00,d_drv:0x00,cs0_drv:0x00,hd_drv:0x00,wp_drv:0x00
mode:DIO, clock div:2
load:0x3fff0030,len:7176
load:0x40078000,len:15564
ho 0 tail 12 room 4
load:0x40080400,len:4
load:0x40080404,len:3904
entry 0x40080640
[0;32mI (31) boot: ESP-IDF v5.3.1-dirty 2nd stage bootloader[0m
[0;32mI (31) boot: compile time Jan 30 2025 13:25:58[0m
[0;32mI (31) boot: Multicore bootloader[0m
[0;32mI (36) boot: chip revision: v3.1[0m
[0;32mI (40) boot.esp32: SPI Speed      : 40MHz[0m
[0;32mI (44) boot.esp32: SPI Mode       : DIO[0m
[0;32mI (49) boot.esp32: SPI Flash Size : 4MB[0m
[0;32mI (53) boot: Enabling RNG early entropy source...[0m
[0;32mI (59) boot: Partition Table:[0m
[0;32mI (62) boot: ## Label            Usage          Type ST Offset   Length[0m
[0;32mI (70) boot:  0 nvs              WiFi data        01 02 00009000 00006000[0m
[0;32mI (77) boot:  1 phy_init         RF data          01 01 0000f000 00001000[0m
[0;32mI (85) boot:  2 factory          factory app      00 00 00010000 00100000[0m
[0;32mI (92) boot: End of partition table[0m
[0;32mI (96) esp_image: segment 0: paddr=00010020 vaddr=3f400020 size=0de20h ( 56864) map[0m
[0;32mI (124) esp_image: segment 1: paddr=0001de48 vaddr=3ffb0000 size=021d0h (  8656) load[0m
[0;32mI (128) esp_image: segment 2: paddr=00020020 vaddr=400d0020 size=23634h (144948) map[0m
[0;32mI (180) esp_image: segment 3: paddr=0004365c vaddr=3ffb21d0 size=0045ch (  1116) load[0m
[0;32mI (180) esp_image: segment 4: paddr=00043ac0 vaddr=40080000 size=0f804h ( 63492) load[0m
[0;32mI (218) boot: Loaded app from partition at offset 0x10000[0m
[0;32mI (218) boot: Disabling RNG early entropy source...[0m
[0;32mI (230) cpu_start: Multicore app[0m
[0;32mI (238) cpu_start: Pro cpu start user code[0m
[0;32mI (238) cpu_start: cpu freq: 160000000 Hz[0m
[0;32mI (238) app_init: Application information:[0m
[0;32mI (241) app_init: Project name:     app-template[0m
[0;32mI (247) app_init: App version:      1[0m
[0;32mI (251) app_init: Compile time:     Jan 30 2025 13:25:18[0m
[0;32mI (257) app_init: ELF file SHA256:  94b89b25a...[0m
[0;32mI (262) app_init: ESP-IDF:          v5.3.1-dirty[0m
[0;32mI (268) efuse_init: Min chip rev:     v0.0[0m
[0;32mI (272) efuse_init: Max chip rev:     v3.99 [0m
[0;32mI (277) efuse_init: Chip rev:         v3.1[0m
[0;32mI (282) heap_init: Initializing. RAM available for dynamic allocation:[0m
[0;32mI (289) heap_init: At 3FFAE6E0 len 00001920 (6 KiB): DRAM[0m
[0;32mI (295) heap_init: At 3FFB2F90 len 0002D070 (180 KiB): DRAM[0m
[0;32mI (302) heap_init: At 3FFE0440 len 00003AE0 (14 KiB): D/IRAM[0m
[0;32mI (308) heap_init: At 3FFE4350 len 0001BCB0 (111 KiB): D/IRAM[0m
[0;32mI (314) heap_init: At 4008F804 len 000107FC (65 KiB): IRAM[0m
[0;32mI (322) spi_flash: detected chip: generic[0m
[0;32mI (325) spi_flash: flash io: dio[0m
[0;32mI (330) main_task: Started on CPU0[0m
[0;32mI (340) main_task: Calling app_main()[0m
[0;31mE (340) SPIFFS: spiffs partition could not be found[0m
ESP_ERROR_CHECK failed: esp_err_t 0x105 (ESP_ERR_NOT_FOUND) at 0x400d694d
file: "./main/main.c" line 90
func: app_main
expression: esp_vfs_spiffs_register(&conf)

abort() was called at PC 0x400871ff on core 0


Backtrace: 0x400819c2:0x3ffb4150 0x40087209:0x3ffb4170 0x4008e0dd:0x3ffb4190 0x400871ff:0x3ffb4200 0x400d694d:0x3ffb4230 0x400f2dec:0x3ffb4280 0x40087c9d:0x3ffb42b0




ELF file SHA256: 94b89b25a

Rebooting...
ets Jul 29 2019 12:21:46

rst:0xc (SW_CPU_RESET),boot:0x13 (SPI_FAST_FLASH_BOOT)
configsip: 0, SPIWP:0xee
clk_drv:0x00,q_drv:0x00,d_drv:0x00,cs0_drv:0x00,hd_drv:0x00,wp_drv:0x00
mode:DIO, clock div:2
load:0x3fff0030,len:7176
load:0x40078000,len:15564
ho 0 tail 12 room 4
load:0x40080400,len:4
load:0x40080404,len:3904
entry 0x40080640
[0;32mI (31) boot: ESP-IDF v5.3.1-dirty 2nd stage bootloader[0m
[0;32mI (31) boot: compile time Jan 30 2025 13:25:58[0m
[0;32mI (31) boot: Multicore bootloader[0m
[0;32mI (36) boot: chip revision: v3.1[0m
[0;32mI (40) boot.esp32: SPI Speed      : 40MHz[0m
[0;32mI (44) boot.esp32: SPI Mode       : DIO[0m
[0;32mI (49) boot.esp32: SPI Flash Size : 4MB[0m
[0;32mI (53) boot: Enabling RNG early entropy source...[0m
[0;32mI (59) boot: Partition Table:[0m
[0;32mI (62) boot: ## Label            Usage          Type ST Offset   Length[0m
[0;32mI (70) boot:  0 nvs              WiFi data        01 02 00009000 00006000[0m
[0;32mI (77) boot:  1 phy_init         RF data          01 01 0000f000 00001000[0m
[0;32mI (85) boot:  2 factory          factory app      00 00 00010000 00100000[0m
[0;32mI (92) boot: End of partition table[0m
[0;32mI (96) esp_image: segment 0: paddr=00010020 vaddr=3f400020 size=0de20h ( 56864) map[0m
[0;32mI (124) esp_image: segment 1: paddr=0001de48 vaddr=3ffb0000 size=021d0h (  8656) load[0m
[0;32mI (128) esp_image: segment 2: paddr=00020020 vaddr=400d0020 size=23634h (144948) map[0m
[0;32mI (180) esp_image: segment 3: paddr=0004365c vaddr=3ffb21d0 size=0045ch (  1116) load[0m
[0;32mI (180) esp_image: segment 4: paddr=00043ac0 vaddr=40080000 size=0f804h ( 63492) load[0m
[0;32mI (218) boot: Loaded app from partition at offset 0x10000[0m
[0;32mI (218) boot: Disabling RNG early entropy source...[0m
[0;32mI (230) cpu_start: Multicore app[0m
[0;32mI (238) cpu_start: Pro cpu start user code[0m
[0;32mI (238) cpu_start: cpu freq: 160000000 Hz[0m
[0;32mI (238) app_init: Application information:[0m
[0;32mI (241) app_init: Project name:     app-template[0m
[0;32mI (247) app_init: App version:      1[0m
[0;32mI (251) app_init: Compile time:     Jan 30 2025 13:25:18[0m
[0;32mI (257) app_init: ELF file SHA256:  94b89b25a...[0m
[0;32mI (262) app_init: ESP-IDF:          v5.3.1-dirty[0m
[0;32mI (268) efuse_init: Min chip rev:     v0.0[0m
[0;32mI (272) efuse_init: Max chip rev:     v3.99 [0m
[0;32mI (277) efuse_init: Chip rev:         v3.1[0m
[0;32mI (282) heap_init: Initializing. RAM available for dynamic allocation:[0m
[0;32mI (289) heap_init: At 3FFAE6E0 len 00001920 (6 KiB): DRAM[0m
[0;32mI (295) heap_init: At 3FFB2F90 len 0002D070 (180 KiB): DRAM[0m
[0;32mI (302) heap_init: At 3FFE0440 len 00003AE0 (14 KiB): D/IRAM[0m
[0;32mI (308) heap_init: At 3FFE4350 len 0001BCB0 (111 KiB): D/IRAM[0m
[0;32mI (314) heap_init: At 4008F804 len 000107FC (65 KiB): IRAM[0m
[0;32mI (322) spi_flash: detected chip: generic[0m
[0;32mI (325) spi_flash: flash io: dio[0m
[0;32mI (330) main_task: Started on CPU0[0m
[0;32mI (340) main_task: Calling app_main()[0m
[0;31mE (340) SPIFFS: spiffs partition could not be found[0m
ESP_ERROR_CHECK failed: esp_err_t 0x105 (ESP_ERR_NOT_FOUND) at 0x400d694d
file: "./main/main.c" line 90
func: app_main
expression: esp_vfs_spiffs_register(&conf)

abort() was called at PC 0x400871ff on core 0


Backtrace: 0x400819c2:0x3ffb4150 0x40087209:0x3ffb4170 0x4008e0dd:0x3ffb4190 0x400871ff:0x3ffb4200 0x400d694d:0x3ffb4230 0x400f2dec:0x3ffb4280 0x40087c9d:0x3ffb42b0




ELF file SHA256: 94b89b25a

Rebooting...
ets Jul 29 2019 12:21:46

rst:0xc (SW_CPU_RESET),boot:0x13 (SPI_FAST_FLASH_BOOT)
configsip: 0, SPIWP:0xee
clk_drv:0x00,q_drv:0x00,d_drv:0x00,cs0_drv:0x00,hd_drv:0x00,wp_drv:0x00
mode:DIO, clock div:2
load:0x3fff0030,len:7176
load:0x40078000,len:15564
ho 0 tail 12 room 4
load:0x40080400,len:4
load:0x40080404,len:3904
entry 0x40080640
[0;32mI (31) boot: ESP-IDF v5.3.1-dirty 2nd stage bootloader[0m
[0;32mI (31) boot: compile time Jan 30 2025 13:25:58[0m
[0;32mI (31) boot: Multicore bootloader[0m
[0;32mI (36) boot: chip revision: v3.1[0m
[0;32mI (40) boot.esp32: SPI Speed      : 40MHz[0m
[0;32mI (44) boot.esp32: SPI Mode       : DIO[0m
[0;32mI (49) boot.esp32: SPI Flash Size : 4MB[0m
[0;32mI (53) boot: Enabling RNG early entropy source...[0m
[0;32mI (59) boot: Partition Table:[0m
[0;32mI (62) boot: ## Label            Usage          Type ST Offset   Length[0m
[0;32mI (70) boot:  0 nvs              WiFi data        01 02 00009000 00006000[0m
[0;32mI (77) boot:  1 phy_init         RF data          01 01 0000f000 00001000[0m
[0;32mI (85) boot:  2 factory          factory app      00 00 00010000 00100000[0m
[0;32mI (92) boot: End of partition table[0m
[0;32mI (96) esp_image: segment 0: paddr=00010020 vaddr=3f400020 size=0de20h ( 56864) map[0m
[0;32mI (124) esp_image: segment 1: paddr=0001de48 vaddr=3ffb0000 size=021d0h (  8656) load[0m
[0;32mI (128) esp_image: segment 2: paddr=00020020 vaddr=400d0020 size=23634h (144948) map[0m
[0;32mI (180) esp_image: segment 3: paddr=0004365c vaddr=3ffb21d0 size=0045ch (  1116) load[0m
[0;32mI (180) esp_image: segment 4: paddr=00043ac0 vaddr=40080000 size=0f804h ( 63492) load[0m
[0;32mI (218) boot: Loaded app from partition at offset 0x10000[0m
[0;32mI (218) boot: Disabling RNG early entropy source...[0m
[0;32mI (230) cpu_start: Multicore app[0m
[0;32mI (238) cpu_start: Pro cpu start user code[0m
[0;32mI (238) cpu_start: cpu freq: 160000000 Hz[0m
[0;32mI (238) app_init: Application information:[0m
[0;32mI (241) app_init: Project name:     app-template[0m
[0;32mI (247) app_init: App version:      1[0m
[0;32mI (251) app_init: Compile time:     Jan 30 2025 13:25:18[0m
[0;32mI (257) app_init: ELF file SHA256:  94b89b25a...[0m
[0;32mI (262) app_init: ESP-IDF:          v5.3.1-dirty[0m
[0;32mI (268) efuse_init: Min chip rev:     v0.0[0m
[0;32mI (272) efuse_init: Max chip rev:     v3.99 [0m
[0;32mI (277) efuse_init: Chip rev:         v3.1[0m
[0;32mI (282) heap_init: Initializing. RAM available for dynamic allocation:[0m
[0;32mI (289) heap_init: At 3FFAE6E0 len 00001920 (6 KiB): DRAM[0m
[0;32mI (295) heap_init: At 3FFB2F90 len 0002D070 (180 KiB): DRAM[0m
[0;32mI (302) heap_init: At 3FFE0440 len 00003AE0 (14 KiB): D/IRAM[0m
[0;32mI (308) heap_init: At 3FFE4350 len 0001BCB0 (111 KiB): D/IRAM[0m
[0;32mI (314) heap_init: At 4008F804 len 000107FC (65 KiB): IRAM[0m
[0;32mI (322) spi_flash: detected chip: generic[0m
[0;32mI (325) spi_flash: flash io: dio[0m
[0;32mI (330) main_task: Started on CPU0[0m
[0;32mI (340) main_task: Calling app_main()[0m
[0;31mE (340) SPIFFS: spiffs partition could not be found[0m
ESP_ERROR_CHECK failed: esp_err_t 0x105 (ESP_ERR_NOT_FOUND) at 0x400d694d
file: "./main/main.c" line 90
func: app_main
expression: esp_vfs_spiffs_register(&conf)

abort() was called at PC 0x400871ff on core 0


Backtrace: 0x400819c2:0x3ffb4150 0x40087209:0x3ffb4170 0x4008e0dd:0x3ffb4190 0x400871ff:0x3ffb4200 0x400d694d:0x3ffb4230 0x400f2dec:0x3ffb4280 0x40087c9d:0x3ffb42b0




ELF file SHA256: 94b89b25a

Rebooting...
ets Jul 29 2019 12:21:46

rst:0xc (SW_CPU_RESET),boot:0x13 (SPI_FAST_FLASH_BOOT)
configsip: 0, SPIWP:0xee
clk_drv:0x00,q_drv:0x00,d_drv:0x00,cs0_drv:0x00,hd_drv:0x00,wp_drv:0x00
mode:DIO, clock div:2
load:0x3fff0030,len:7176
load:0x40078000,len:15564
ho 0 tail 12 room 4
load:0x40080400,len:4
load:0x40080404,len:3904
entry 0x40080640
[0;32mI (31) boot: ESP-IDF v5.3.1-dirty 2nd stage bootloader[0m
[0;32mI (31) boot: compile time Jan 30 2025 13:25:58[0m
[0;32mI (31) boot: Multicore bootloader[0m
[0;32mI (36) boot: chip revision: v3.1[0m
[0;32mI (40) boot.esp32: SPI Speed      : 40MHz[0m
[0;32mI (44) boot.esp32: SPI Mode       : DIO[0m
[0;32mI (49) boot.esp32: SPI Flash Size : 4MB[0m
[0;32mI (53) boot: Enabling RNG early entropy source...[0m
[0;32mI (59) boot: Partition Table:[0m
[0;32mI (62) boot: ## Label            Usage          Type ST Offset   Length[0m
[0;32mI (70) boot:  0 nvs              WiFi data        01 02 00009000 00006000[0m
[0;32mI (77) boot:  1 phy_init         RF data          01 01 0000f000 00001000[0m
[0;32mI (85) boot:  2 factory          factory app      00 00 00010000 00100000[0m
[0;32mI (92) boot: End of partition table[0m
[0;32mI (96) esp_image: segment 0: paddr=00010020 vaddr=3f400020 size=0de20h ( 56864) map[0m
[0;32mI (124) esp_image: segment 1: paddr=0001de48 vaddr=3ffb0000 size=021d0h (  8656) load[0m
[0;32mI (128) esp_image: segment 2: paddr=00020020 vaddr=400d0020 size=23634h (144948) map[0m
[0;32mI (180) esp_image: segment 3: paddr=0004365c vaddr=3ffb21d0 size=0045ch (  1116) load[0m
[0;32mI (180) esp_image: segment 4: paddr=00043ac0 vaddr=40080000 size=0f804h ( 63492) load[0m
[0;32mI (218) boot: Loaded app from partition at offset 0x10000[0m
[0;32mI (218) boot: Disabling RNG early entropy source...[0m
[0;32mI (230) cpu_start: Multicore app[0m
[0;32mI (238) cpu_start: Pro cpu start user code[0m
[0;32mI (238) cpu_start: cpu freq: 160000000 Hz[0m
[0;32mI (238) app_init: Application information:[0m
[0;32mI (241) app_init: Project name:     app-template[0m
[0;32mI (247) app_init: App version:      1[0m
[0;32mI (251) app_init: Compile time:     Jan 30 2025 13:25:18[0m
[0;32mI (257) app_init: ELF file SHA256:  94b89b25a...[0m
[0;32mI (262) app_init: ESP-IDF:          v5.3.1-dirty[0m
[0;32mI (268) efuse_init: Min chip rev:     v0.0[0m
[0;32mI (272) efuse_init: Max chip rev:     v3.99 [0m
[0;32mI (277) efuse_init: Chip rev:         v3.1[0m
[0;32mI (282) heap_init: Initializing. RAM available for dynamic allocation:[0m
[0;32mI (289) heap_init: At 3FFAE6E0 len 00001920 (6 KiB): DRAM[0m
[0;32mI (295) heap_init: At 3FFB2F90 len 0002D070 (180 KiB): DRAM[0m
[0;32mI (302) heap_init: At 3FFE0440 len 00003AE0 (14 KiB): D/IRAM[0m
[0;32mI (308) heap_init: At 3FFE4350 len 0001BCB0 (111 KiB): D/IRAM[0m
[0;32mI (314) heap_init: At 4008F804 len 000107FC (65 KiB): IRAM[0m
[0;32mI (322) spi_flash: detected chip: generic[0m
[0;32mI (325) spi_flash: flash io: dio[0m
[0;32mI (330) main_task: Started on CPU0[0m
[0;32mI (340) main_task: Calling app_main()[0m
[0;31mE (340) SPIFFS: spiffs partition could not be found[0m
ESP_ERROR_CHECK failed: esp_err_t 0x105 (ESP_ERR_NOT_FOUND) at 0x400d694d
file: "./main/main.c" line 90
func: app_main
expression: esp_vfs_spiffs_register(&conf)

abort() was called at PC 0x400871ff on core 0


Backtrace: 0x400819c2:0x3ffb4150 0x40087209:0x3ffb4170 0x4008e0dd:0x3ffb4190 0x400871ff:0x3ffb4200 0x400d694d:0x3ffb4230 0x400f2dec:0x3ffb4280 0x40087c9d:0x3ffb42b0




ELF file SHA256: 94b89b25a

Rebooting...
ets Jul 29 2019 12:21:46

rst:0xc (SW_CPU_RESET),boot:0x13 (SPI_FAST_FLASH_BOOT)
configsip: 0, SPIWP:0xee
clk_drv:0x00,q_drv:0x00,d_drv:0x00,cs0_drv:0x00,hd_drv:0x00,wp_drv:0x00
mode:DIO, clock div:2
load:0x3fff0030,len:7176
load:0x40078000,len:15564
ho 0 tail 12 room 4
load:0x40080400,len:4
load:0x40080404,len:3904
entry 0x40080640
[0;32mI (31) boot: ESP-IDF v5.3.1-dirty 2nd stage bootloader[0m
[0;32mI (31) boot: compile time Jan 30 2025 13:25:58[0m
[0;32mI (31) boot: Multicore bootloader[0m
[0;32mI (36) boot: chip revision: v3.1[0m
[0;32mI (40) boot.esp32: SPI Speed      : 40MHz[0m
[0;32mI (44) boot.esp32: SPI Mode       : DIO[0m
[0;32mI (49) boot.esp32: SPI Flash Size : 4MB[0m
[0;32mI (53) boot: Enabling RNG early entropy source...[0m
[0;32mI (59) boot: Partition Table:[0m
[0;32mI (62) boot: ## Label            Usage          Type ST Offset   Length[0m
[0;32mI (70) boot:  0 nvs              WiFi data        01 02 00009000 00006000[0m
[0;32mI (77) boot:  1 phy_init         RF data          01 01 0000f000 00001000[0m
[0;32mI (85) boot:  2 factory          factory app      00 00 00010000 00100000[0m
[0;32mI (92) boot: End of partition table[0m
[0;32mI (96) esp_image: segment 0: paddr=00010020 vaddr=3f400020 size=0de20h ( 56864) map[0m
[0;32mI (124) esp_image: segment 1: paddr=0001de48 vaddr=3ffb0000 size=021d0h (  8656) load[0m
[0;32mI (128) esp_image: segment 2: paddr=00020020 vaddr=400d0020 size=23634h (144948) map[0m
[0;32mI (180) esp_image: segment 3: paddr=0004365c vaddr=3ffb21d0 size=0045ch (  1116) load[0m
[0;32mI (180) esp_image: segment 4: paddr=00043ac0 vaddr=40080000 size=0f804h ( 63492) load[0m
[0;32mI (218) boot: Loaded app from partition at offset 0x10000[0m
[0;32mI (218) boot: Disabling RNG early entropy source...[0m
[0;32mI (230) cpu_start: Multicore app[0m
[0;32mI (238) cpu_start: Pro cpu start user code[0m
[0;32mI (238) cpu_start: cpu freq: 160000000 Hz[0m
[0;32mI (238) app_init: Application information:[0m
[0;32mI (241) app_init: Project name:     app-template[0m
[0;32mI (247) app_init: App version:      1[0m
[0;32mI (251) app_init: Compile time:     Jan 30 2025 13:25:18[0m
[0;32mI (257) app_init: ELF file SHA256:  94b89b25a...[0m
[0;32mI (262) app_init: ESP-IDF:          v5.3.1-dirty[0m
[0;32mI (268) efuse_init: Min chip rev:     v0.0[0m
[0;32mI (272) efuse_init: Max chip rev:     v3.99 [0m
[0;32mI (277) efuse_init: Chip rev:         v3.1[0m
[0;32mI (282) heap_init: Initializing. RAM available for dynamic allocation:[0m
[0;32mI (289) heap_init: At 3FFAE6E0 len 00001920 (6 KiB): DRAM[0m
[0;32mI (295) heap_init: At 3FFB2F90 len 0002D070 (180 KiB): DRAM[0m
[0;32mI (302) heap_init: At 3FFE0440 len 00003AE0 (14 KiB): D/IRAM[0m
[0;32mI (308) heap_init: At 3FFE4350 len 0001BCB0 (111 KiB): D/IRAM[0m
[0;32mI (314) heap_init: At 4008F804 len 000107FC (65 KiB): IRAM[0m
[0;32mI (322) spi_flash: detected chip: generic[0m
[0;32mI (325) spi_flash: flash io: dio[0m
[0;32mI (330) main_task: Started on CPU0[0m
[0;32mI (340) main_task: Calling app_main()[0m
[0;31mE (340) SPIFFS: spiffs partition could not be found[0m
ESP_ERROR_CHECK failed: esp_err_t 0x105 (ESP_ERR_NOT_FOUND) at 0x400d694d
file: "./main/main.c" line 90
func: app_main
expression: esp_vfs_spiffs_register(&conf)

abort() was called at PC 0x400871ff on core 0


Backtrace: 0x400819c2:0x3ffb4150 0x40087209:0x3ffb4170 0x4008e0dd:0x3ffb4190 0x400871ff:0x3ffb4200 0x400d694d:0x3ffb4230 0x400f2dec:0x3ffb4280 0x40087c9d:0x3ffb42b0




ELF file SHA256: 94b89b25a

Rebooting...
ets Jul 29 2019 12:21:46

rst:0xc (SW_CPU_RESET),boot:0x13 (SPI_FAST_FLASH_BOOT)
configsip: 0, SPIWP:0xee
clk_drv:0x00,q_drv:0x00,d_drv:0x00,cs0_drv:0x00,hd_drv:0x00,wp_drv:0x00
mode:DIO, clock div:2
load:0x3fff0030,len:7176
load:0x40078000,len:15564
ho 0 tail 12 room 4
load:0x40080400,len:4
load:0x40080404,len:3904
entry 0x40080640
[0;32mI (31) boot: ESP-IDF v5.3.1-dirty 2nd stage bootloader[0m
[0;32mI (31) boot: compile time Jan 30 2025 13:25:58[0m
[0;32mI (31) boot: Multicore bootloader[0m
[0;32mI (36) boot: chip revision: v3.1[0m
[0;32mI (40) boot.esp32: SPI Speed      : 40MHz[0m
[0;32mI (44) boot.esp32: SPI Mode       : DIO[0m
[0;32mI (49) boot.esp32: SPI Flash Size : 4MB[0m
[0;32mI (53) boot: Enabling RNG early entropy source...[0m
[0;32mI (59) boot: Partition Table:[0m
[0;32mI (62) boot: ## Label            Usage          Type ST Offset   Length[0m
[0;32mI (70) boot:  0 nvs              WiFi data        01 02 00009000 00006000[0m
[0;32mI (77) boot:  1 phy_init         RF data          01 01 0000f000 00001000[0m
[0;32mI (85) boot:  2 factory          factory app      00 00 00010000 00100000[0m
[0;32mI (92) boot: End of partition table[0m
[0;32mI (96) esp_image: segment 0: paddr=00010020 vaddr=3f400020 size=0de20h ( 56864) map[0m
[0;32mI (124) esp_image: segment 1: paddr=0001de48 vaddr=3ffb0000 size=021d0h (  8656) load[0m
[0;32mI (128) esp_image: segment 2: paddr=00020020 vaddr=400d0020 size=23634h (144948) map[0m
[0;32mI (180) esp_image: segment 3: paddr=0004365c vaddr=3ffb21d0 size=0045ch (  1116) load[0m
[0;32mI (180) esp_image: segment 4: paddr=00043ac0 vaddr=40080000 size=0f804h ( 63492) load[0m
[0;32mI (218) boot: Loaded app from partition at offset 0x10000[0m
[0;32mI (218) boot: Disabling RNG early entropy source...[0m
[0;32mI (230) cpu_start: Multicore app[0m
[0;32mI (238) cpu_start: Pro cpu start user code[0m
[0;32mI (238) cpu_start: cpu freq: 160000000 Hz[0m
[0;32mI (238) app_init: Application information:[0m
[0;32mI (241) app_init: Project name:     app-template[0m
[0;32mI (247) app_init: App version:      1[0m
[0;32mI (251) app_init: Compile time:     Jan 30 2025 13:25:18[0m
[0;32mI (257) app_init: ELF file SHA256:  94b89b25a...[0m
[0;32mI (262) app_init: ESP-IDF:          v5.3.1-dirty[0m
[0;32mI (268) efuse_init: Min chip rev:     v0.0[0m
[0;32mI (272) efuse_init: Max chip rev:     v3.99 [0m
[0;32mI (277) efuse_init: Chip rev:         v3.1[0m
[0;32mI (282) heap_init: Initializing. RAM available for dynamic allocation:[0m
[0;32mI (289) heap_init: At 3FFAE6E0 len 00001920 (6 KiB): DRAM[0m
[0;32mI (295) heap_init: At 3FFB2F90 len 0002D070 (180 KiB): DRAM[0m
[0;32mI (302) heap_init: At 3FFE0440 len 00003AE0 (14 KiB): D/IRAM[0m
[0;32mI (308) heap_init: At 3FFE4350 len 0001BCB0 (111 KiB): D/IRAM[0m
[0;32mI (314) heap_init: At 4008F804 len 000107FC (65 KiB): IRAM[0m
[0;32mI (322) spi_flash: detected chip: generic[0m
[0;32mI (325) spi_flash: flash io: dio[0m
[0;32mI (330) main_task: Started on CPU0[0m
[0;32mI (340) main_task: Calling app_main()[0m
[0;31mE (340) SPIFFS: spiffs partition could not be found[0m
ESP_ERROR_CHECK failed: esp_err_t 0x105 (ESP_ERR_NOT_FOUND) at 0x400d694d
file: "./main/main.c" line 90
func: app_main
expression: esp_vfs_spiffs_register(&conf)

abort() was called at PC 0x400871ff on core 0


Backtrace: 0x400819c2:0x3ffb4150 0x40087209:0x3ffb4170 0x4008e0dd:0x3ffb4190 0x400871ff:0x3ffb4200 0x400d694d:0x3ffb4230 0x400f2dec:0x3ffb4280 0x40087c9d:0x3ffb42b0




ELF file SHA256: 94b89b25a

Rebooting...
ets Jul 29 2019 12:21:46

rst:0xc (SW_CPU_RESET),boot:0x13 (SPI_FAST_FLASH_BOOT)
configsip: 0, SPIWP:0xee
clk_drv:0x00,q_drv:0x00,d_drv:0x00,cs0_drv:0x00,hd_drv:0x00,wp_drv:0x00
mode:DIO, clock div:2
load:0x3fff0030,len:7176
load:0x40078000,len:15564
ho 0 tail 12 room 4
load:0x40080400,len:4
load:0x40080404,len:3904
entry 0x40080640
[0;32mI (31) boot: ESP-IDF v5.3.1-dirty 2nd stage bootloader[0m
[0;32mI (31) boot: compile time Jan 30 2025 13:25:58[0m
[0;32mI (31) boot: Multicore bootloader[0m
[0;32mI (36) boot: chip revision: v3.1[0m
[0;32mI (40) boot.esp32: SPI Speed      : 40MHz[0m
[0;32mI (44) boot.esp32: SPI Mode       : DIO[0m
[0;32mI (49) boot.esp32: SPI Flash Size : 4MB[0m
[0;32mI (53) boot: Enabling RNG early entropy source...[0m
[0;32mI (59) boot: Partition Table:[0m
[0;32mI (62) boot: ## Label            Usage          Type ST Offset   Length[0m
[0;32mI (70) boot:  0 nvs              WiFi data        01 02 00009000 00006000[0m
[0;32mI (77) boot:  1 phy_init         RF data          01 01 0000f000 00001000[0m
[0;32mI (85) boot:  2 factory          factory app      00 00 00010000 00100000[0m
[0;32mI (92) boot: End of partition table[0m
[0;32mI (96) esp_image: segment 0: paddr=00010020 vaddr=3f400020 size=0de20h ( 56864) map[0m
[0;32mI (124) esp_image: segment 1: paddr=0001de48 vaddr=3ffb0000 size=021d0h (  8656) load[0m
[0;32mI (128) esp_image: segment 2: paddr=00020020 vaddr=400d0020 size=23634h (144948) map[0m
[0;32mI (180) esp_image: segment 3: paddr=0004365c vaddr=3ffb21d0 size=0045ch (  1116) load[0m
[0;32mI (180) esp_image: segment 4: paddr=00043ac0 vaddr=40080000 size=0f804h ( 63492) load[0m
[0;32mI (218) boot: Loaded app from partition at offset 0x10000[0m
[0;32mI (218) boot: Disabling RNG early entropy source...[0m
[0;32mI (230) cpu_start: Multicore app[0m
[0;32mI (238) cpu_start: Pro cpu start user code[0m
[0;32mI (238) cpu_start: cpu freq: 160000000 Hz[0m
[0;32mI (238) app_init: Application information:[0m
[0;32mI (241) app_init: Project name:     app-template[0m
[0;32mI (247) app_init: App version:      1[0m
[0;32mI (251) app_init: Compile time:     Jan 30 2025 13:25:18[0m
[0;32mI (257) app_init: ELF file SHA256:  94b89b25a...[0m
[0;32mI (262) app_init: ESP-IDF:          v5.3.1-dirty[0m
[0;32mI (268) efuse_init: Min chip rev:     v0.0[0m
[0;32mI (272) efuse_init: Max chip rev:     v3.99 [0m
[0;32mI (277) efuse_init: Chip rev:         v3.1[0m
[0;32mI (282) heap_init: Initializing. RAM available for dynamic allocation:[0m
[0;32mI (289) heap_init: At 3FFAE6E0 len 00001920 (6 KiB): DRAM[0m
[0;32mI (295) heap_init: At 3FFB2F90 len 0002D070 (180 KiB): DRAM[0m
[0;32mI (302) heap_init: At 3FFE0440 len 00003AE0 (14 KiB): D/IRAM[0m
[0;32mI (308) heap_init: At 3FFE4350 len 0001BCB0 (111 KiB): D/IRAM[0m
[0;32mI (314) heap_init: At 4008F804 len 000107FC (65 KiB): IRAM[0m
[0;32mI (322) spi_flash: detected chip: generic[0m
[0;32mI (325) spi_flash: flash io: dio[0m
[0;32mI (330) main_task: Started on CPU0[0m
[0;32mI (340) main_task: Calling app_main()[0m
[0;31mE (340) SPIFFS: spiffs partition could not be found[0m
ESP_ERROR_CHECK failed: esp_err_t 0x105 (ESP_ERR_NOT_FOUND) at 0x400d694d
file: "./main/main.c" line 90
func: app_main
expression: esp_vfs_spiffs_register(&conf)

abort() was called at PC 0x400871ff on core 0


Backtrace: 0x400819c2:0x3ffb4150 0x40087209:0x3ffb4170 0x4008e0dd:0x3ffb4190 0x400871ff:0x3ffb4200 0x400d694d:0x3ffb4230 0x400f2dec:0x3ffb4280 0x40087c9d:0x3ffb42b0




ELF file SHA256: 94b89b25a

Rebooting...
ets Jul 29 2019 12:21:46

rst:0xc (SW_CPU_RESET),boot:0x13 (SPI_FAST_FLASH_BOOT)
configsip: 0, SPIWP:0xee
clk_drv:0x00,q_drv:0x00,d_drv:0x00,cs0_drv:0x00,hd_drv:0x00,wp_drv:0x00
mode:DIO, clock div:2
load:0x3fff0030,len:7176
load:0x40078000,len:15564
ho 0 tail 12 room 4
load:0x40080400,len:4
load:0x40080404,len:3904
entry 0x40080640
[0;32mI (31) boot: ESP-IDF v5.3.1-dirty 2nd stage bootloader[0m
[0;32mI (31) boot: compile time Jan 30 2025 13:25:58[0m
[0;32mI (31) boot: Multicore bootloader[0m
[0;32mI (36) boot: chip revision: v3.1[0m
[0;32mI (40) boot.esp32: SPI Speed      : 40MHz[0m
[0;32mI (44) boot.esp32: SPI Mode       : DIO[0m
[0;32mI (49) boot.esp32: SPI Flash Size : 4MB[0m
[0;32mI (53) boot: Enabling RNG early entropy source...[0m
[0;32mI (59) boot: Partition Table:[0m
[0;32mI (62) boot: ## Label            Usage          Type ST Offset   Length[0m
[0;32mI (70) boot:  0 nvs              WiFi data        01 02 00009000 00006000[0m
[0;32mI (77) boot:  1 phy_init         RF data          01 01 0000f000 00001000[0m
[0;32mI (85) boot:  2 factory          factory app      00 00 00010000 00100000[0m
[0;32mI (92) boot: End of partition table[0m
[0;32mI (96) esp_image: segment 0: paddr=00010020 vaddr=3f400020 size=0de20h ( 56864) map[0m
[0;32mI (124) esp_image: segment 1: paddr=0001de48 vaddr=3ffb0000 size=021d0h (  8656) load[0m
[0;32mI (128) esp_image: segment 2: paddr=00020020 vaddr=400d0020 size=23634h (144948) map[0m
[0;32mI (180) esp_image: segment 3: paddr=0004365c vaddr=3ffb21d0 size=0045ch (  1116) load[0m
[0;32mI (180) esp_image: segment 4: paddr=00043ac0 vaddr=40080000 size=0f804h ( 63492) load[0m
[0;32mI (218) boot: Loaded app from partition at offset 0x10000[0m
[0;32mI (218) boot: Disabling RNG early entropy source...[0m
[0;32mI (230) cpu_start: Multicore app[0m
[0;32mI (238) cpu_start: Pro cpu start user code[0m
[0;32mI (238) cpu_start: cpu freq: 160000000 Hz[0m
[0;32mI (238) app_init: Application information:[0m
[0;32mI (241) app_init: Project name:     app-template[0m
[0;32mI (247) app_init: App version:      1[0m
[0;32mI (251) app_init: Compile time:     Jan 30 2025 13:25:18[0m
[0;32mI (257) app_init: ELF file SHA256:  94b89b25a...[0m
[0;32mI (262) app_init: ESP-IDF:          v5.3.1-dirty[0m
[0;32mI (268) efuse_init: Min chip rev:     v0.0[0m
[0;32mI (272) efuse_init: Max chip rev:     v3.99 [0m
[0;32mI (277) efuse_init: Chip rev:         v3.1[0m
[0;32mI (282) heap_init: Initializing. RAM available for dynamic allocation:[0m
[0;32mI (289) heap_init: At 3FFAE6E0 len 00001920 (6 KiB): DRAM[0m
[0;32mI (295) heap_init: At 3FFB2F90 len 0002D070 (180 KiB): DRAM[0m
[0;32mI (302) heap_init: At 3FFE0440 len 00003AE0 (14 KiB): D/IRAM[0m
[0;32mI (308) heap_init: At 3FFE4350 len 0001BCB0 (111 KiB): D/IRAM[0m
[0;32mI (314) heap_init: At 4008F804 len 000107FC (65 KiB): IRAM[0m
[0;32mI (322) spi_flash: detected chip: generic[0m
[0;32mI (325) spi_flash: flash io: dio[0m
[0;32mI (330) main_task: Started on CPU0[0m
[0;32mI (340) main_task: Calling app_main()[0m
[0;31mE (340) SPIFFS: spiffs partition could not be found[0m
ESP_ERROR_CHECK failed: esp_err_t 0x105 (ESP_ERR_NOT_FOUND) at 0x400d694d
file: "./main/main.c" line 90
func: app_main
expression: esp_vfs_spiffs_register(&conf)

abort() was called at PC 0x400871ff on core 0


Backtrace: 0x400819c2:0x3ffb4150 0x40087209:0x3ffb4170 0x4008e0dd:0x3ffb4190 0x400871ff:0x3ffb4200 0x400d694d:0x3ffb4230 0x400f2dec:0x3ffb4280 0x40087c9d:0x3ffb42b0




ELF file SHA256: 94b89b25a

Rebooting...
ets Jul 29 2019 12:21:46

rst:0xc (SW_CPU_RESET),boot:0x13 (SPI_FAST_FLASH_BOOT)
configsip: 0, SPIWP:0xee
clk_drv:0x00,q_drv:0x00,d_drv:0x00,cs0_drv:0x00,hd_drv:0x00,wp_drv:0x00
mode:DIO, clock div:2
load:0x3fff0030,len:7176
load:0x40078000,len:15564
ho 0 tail 12 room 4
load:0x40080400,len:4
load:0x40080404,len:3904
entry 0x40080640
[0;32mI (31) boot: ESP-IDF v5.3.1-dirty 2nd stage bootloader[0m
[0;32mI (31) boot: compile time Jan 30 2025 13:25:58[0m
[0;32mI (31) boot: Multicore bootloader[0m
[0;32mI (36) boot: chip revision: v3.1[0m
[0;32mI (40) boot.esp32: SPI Speed      : 40MHz[0m
[0;32mI (44) boot.esp32: SPI Mode       : DIO[0m
[0;32mI (49) boot.esp32: SPI Flash Size : 4MB[0m
[0;32mI (53) boot: Enabling RNG early entropy source...[0m
[0;32mI (59) boot: Partition Table:[0m
[0;32mI (62) boot: ## Label            Usage          Type ST Offset   Length[0m
[0;32mI (70) boot:  0 nvs              WiFi data        01 02 00009000 00006000[0m
[0;32mI (77) boot:  1 phy_init         RF data          01 01 0000f000 00001000[0m
[0;32mI (85) boot:  2 factory          factory app      00 00 00010000 00100000[0m
[0;32mI (92) boot: End of partition table[0m
[0;32mI (96) esp_image: segment 0: paddr=00010020 vaddr=3f400020 size=0de20h ( 56864) map[0m
[0;32mI (124) esp_image: segment 1: paddr=0001de48 vaddr=3ffb0000 size=021d0h (  8656) load[0m
[0;32mI (128) esp_image: segment 2: paddr=00020020 vaddr=400d0020 size=23634h (144948) map[0m
[0;32mI (180) esp_image: segment 3: paddr=0004365c vaddr=3ffb21d0 size=0045ch (  1116) load[0m
[0;32mI (180) esp_image: segment 4: paddr=00043ac0 vaddr=40080000 size=0f804h ( 63492) load[0m
[0;32mI (218) boot: Loaded app from partition at offset 0x10000[0m
[0;32mI (218) boot: Disabling RNG early entropy source...[0m
[0;32mI (230) cpu_start: Multicore app[0m
[0;32mI (238) cpu_start: Pro cpu start user code[0m
[0;32mI (238) cpu_start: cpu freq: 160000000 Hz[0m
[0;32mI (238) app_init: Application information:[0m
[0;32mI (241) app_init: Project name:     app-template[0m
[0;32mI (247) app_init: App version:      1[0m
[0;32mI (251) app_init: Compile time:     Jan 30 2025 13:25:18[0m
[0;32mI (257) app_init: ELF file SHA256:  94b89b25a...[0m
[0;32mI (262) app_init: ESP-IDF:          v5.3.1-dirty[0m
[0;32mI (268) efuse_init: Min chip rev:     v0.0[0m
[0;32mI (272) efuse_init: Max chip rev:     v3.99 [0m
[0;32mI (277) efuse_init: Chip rev:         v3.1[0m
[0;32mI (282) heap_init: Initializing. RAM available for dynamic allocation:[0m
[0;32mI (289) heap_init: At 3FFAE6E0 len 00001920 (6 KiB): DRAM[0m
[0;32mI (295) heap_init: At 3FFB2F90 len 0002D070 (180 KiB): DRAM[0m
[0;32mI (302) heap_init: At 3FFE0440 len 00003AE0 (14 KiB): D/IRAM[0m
[0;32mI (308) heap_init: At 3FFE4350 len 0001BCB0 (111 KiB): D/IRAM[0m
[0;32mI (314) heap_init: At 4008F804 len 000107FC (65 KiB): IRAM[0m
[0;32mI (322) spi_flash: detected chip: generic[0m
[0;32mI (325) spi_flash: flash io: dio[0m
[0;32mI (330) main_task: Started on CPU0[0m
[0;32mI (340) main_task: Calling app_main()[0m
[0;31mE (340) SPIFFS: spiffs partition could not be found[0m
ESP_ERROR_CHECK failed: esp_err_t 0x105 (ESP_ERR_NOT_FOUND) at 0x400d694d
file: "./main/main.c" line 90
func: app_main
expression: esp_vfs_spiffs_register(&conf)

abort() was called at PC 0x400871ff on core 0


Backtrace: 0x400819c2:0x3ffb4150 0x40087209:0x3ffb4170 0x4008e0dd:0x3ffb4190 0x400871ff:0x3ffb4200 0x400d694d:0x3ffb4230 0x400f2dec:0x3ffb4280 0x40087c9d:0x3ffb42b0




ELF file SHA256: 94b89b25a

Rebooting...
ets Jul 29 2019 12:21:46

rst:0xc (SW_CPU_RESET),boot:0x13 (SPI_FAST_FLASH_BOOT)
configsip: 0, SPIWP:0xee
clk_drv:0x00,q_drv:0x00,d_drv:0x00,cs0_drv:0x00,hd_drv:0x00,wp_drv:0x00
mode:DIO, clock div:2
load:0x3fff0030,len:7176
load:0x40078000,len:15564
ho 0 tail 12 room 4
load:0x40080400,len:4
load:0x40080404,len:3904
entry 0x40080640
[0;32mI (31) boot: ESP-IDF v5.3.1-dirty 2nd stage bootloader[0m
[0;32mI (31) boot: compile time Jan 30 2025 13:25:58[0m
[0;32mI (31) boot: Multicore bootloader[0m
[0;32mI (36) boot: chip revision: v3.1[0m
[0;32mI (40) boot.esp32: SPI Speed      : 40MHz[0m
[0;32mI (44) boot.esp32: SPI Mode       : DIO[0m
[0;32mI (49) boot.esp32: SPI Flash Size : 4MB[0m
[0;32mI (53) boot: Enabling RNG early entropy source...[0m
[0;32mI (59) boot: Partition Table:[0m
[0;32mI (62) boot: ## Label            Usage          Type ST Offset   Length[0m
[0;32mI (70) boot:  0 nvs              WiFi data        01 02 00009000 00006000[0m
[0;32mI (77) boot:  1 phy_init         RF data          01 01 0000f000 00001000[0m
[0;32mI (85) boot:  2 factory          factory app      00 00 00010000 00100000[0m
[0;32mI (92) boot: End of partition table[0m
[0;32mI (96) esp_image: segment 0: paddr=00010020 vaddr=3f400020 size=0de20h ( 56864) map[0m
[0;32mI (124) esp_image: segment 1: paddr=0001de48 vaddr=3ffb0000 size=021d0h (  8656) load[0m
[0;32mI (128) esp_image: segment 2: paddr=00020020 vaddr=400d0020 size=23634h (144948) map[0m
[0;32mI (180) esp_image: segment 3: paddr=0004365c vaddr=3ffb21d0 size=0045ch (  1116) load[0m
[0;32mI (180) esp_image: segment 4: paddr=00043ac0 vaddr=40080000 size=0f804h ( 63492) load[0m
[0;32mI (218) boot: Loaded app from partition at offset 0x10000[0m
[0;32mI (218) boot: Disabling RNG early entropy source...[0m
[0;32mI (230) cpu_start: Multicore app[0m
[0;32mI (238) cpu_start: Pro cpu start user code[0m
[0;32mI (238) cpu_start: cpu freq: 160000000 Hz[0m
[0;32mI (238) app_init: Application information:[0m
[0;32mI (241) app_init: Project name:     app-template[0m
[0;32mI (247) app_init: App version:      1[0m
[0;32mI (251) app_init: Compile time:     Jan 30 2025 13:25:18[0m
[0;32mI (257) app_init: ELF file SHA256:  94b89b25a...[0m
[0;32mI (262) app_init: ESP-IDF:          v5.3.1-dirty[0m
[0;32mI (268) efuse_init: Min chip rev:     v0.0[0m
[0;32mI (272) efuse_init: Max chip rev:     v3.99 [0m
[0;32mI (277) efuse_init: Chip rev:         v3.1[0m
[0;32mI (282) heap_init: Initializing. RAM available for dynamic allocation:[0m
[0;32mI (289) heap_init: At 3FFAE6E0 len 00001920 (6 KiB): DRAM[0m
[0;32mI (295) heap_init: At 3FFB2F90 len 0002D070 (180 KiB): DRAM[0m
[0;32mI (302) heap_init: At 3FFE0440 len 00003AE0 (14 KiB): D/IRAM[0m
[0;32mI (308) heap_init: At 3FFE4350 len 0001BCB0 (111 KiB): D/IRAM[0m
[0;32mI (314) heap_init: At 4008F804 len 000107FC (65 KiB): IRAM[0m
[0;32mI (322) spi_flash: detected chip: generic[0m
[0;32mI (325) spi_flash: flash io: dio[0m
[0;32mI (330) main_task: Started on CPU0[0m
[0;32mI (340) main_task: Calling app_main()[0m
[0;31mE (340) SPIFFS: spiffs partition could not be found[0m
ESP_ERROR_CHECK failed: esp_err_t 0x105 (ESP_ERR_NOT_FOUND) at 0x400d694d
file: "./main/main.c" line 90
func: app_main
expression: esp_vfs_spiffs_register(&conf)

abort() was called at PC 0x400871ff on core 0


Backtrace: 0x400819c2:0x3ffb4150 0x40087209:0x3ffb4170 0x4008e0dd:0x3ffb4190 0x400871ff:0x3ffb4200 0x400d694d:0x3ffb4230 0x400f2dec:0x3ffb4280 0x40087c9d:0x3ffb42b0




ELF file SHA256: 94b89b25a

Rebooting...
ets Jul 29 2019 12:21:46

rst:0xc (SW_CPU_RESET),boot:0x13 (SPI_FAST_FLASH_BOOT)
configsip: 0, SPIWP:0xee
clk_drv:0x00,q_drv:0x00,d_drv:0x00,cs0_drv:0x00,hd_drv:0x00,wp_drv:0x00
mode:DIO, clock div:2
load:0x3fff0030,len:7176
load:0x40078000,len:15564
ho 0 tail 12 room 4
load:0x40080400,len:4
load:0x40080404,len:3904
entry 0x40080640
[0;32mI (31) boot: ESP-IDF v5.3.1-dirty 2nd stage bootloader[0m
[0;32mI (31) boot: compile time Jan 30 2025 13:25:58[0m
[0;32mI (31) boot: Multicore bootloader[0m
[0;32mI (36) boot: chip revision: v3.1[0m
[0;32mI (40) boot.esp32: SPI Speed      : 40MHz[0m
[0;32mI (44) boot.esp32: SPI Mode       : DIO[0m
[0;32mI (49) boot.esp32: SPI Flash Size : 4MB[0m
[0;32mI (53) boot: Enabling RNG early entropy source...[0m
[0;32mI (59) boot: Partition Table:[0m
[0;32mI (62) boot: ## Label            Usage          Type ST Offset   Length[0m
[0;32mI (70) boot:  0 nvs              WiFi data        01 02 00009000 00006000[0m
[0;32mI (77) boot:  1 phy_init         RF data          01 01 0000f000 00001000[0m
[0;32mI (85) boot:  2 factory          factory app      00 00 00010000 00100000[0m
[0;32mI (92) boot: End of partition table[0m
[0;32mI (96) esp_image: segment 0: paddr=00010020 vaddr=3f400020 size=0de20h ( 56864) map[0m
[0;32mI (124) esp_image: segment 1: paddr=0001de48 vaddr=3ffb0000 size=021d0h (  8656) load[0m
[0;32mI (128) esp_image: segment 2: paddr=00020020 vaddr=400d0020 size=23634h (144948) map[0m
[0;32mI (180) esp_image: segment 3: paddr=0004365c vaddr=3ffb21d0 size=0045ch (  1116) load[0m
[0;32mI (180) esp_image: segment 4: paddr=00043ac0 vaddr=40080000 size=0f804h ( 63492) load[0m
[0;32mI (218) boot: Loaded app from partition at offset 0x10000[0m
[0;32mI (218) boot: Disabling RNG early entropy source...[0m
[0;32mI (230) cpu_start: Multicore app[0m
[0;32mI (238) cpu_start: Pro cpu start user code[0m
[0;32mI (238) cpu_start: cpu freq: 160000000 Hz[0m
[0;32mI (238) app_init: Application information:[0m
[0;32mI (241) app_init: Project name:     app-template[0m
[0;32mI (247) app_init: App version:      1[0m
[0;32mI (251) app_init: Compile time:     Jan 30 2025 13:25:18[0m
[0;32mI (257) app_init: ELF file SHA256:  94b89b25a...[0m
[0;32mI (262) app_init: ESP-IDF:          v5.3.1-dirty[0m
[0;32mI (268) efuse_init: Min chip rev:     v0.0[0m
[0;32mI (272) efuse_init: Max chip rev:     v3.99 [0m
[0;32mI (277) efuse_init: Chip rev:         v3.1[0m
[0;32mI (282) heap_init: Initializing. RAM available for dynamic allocation:[0m
[0;32mI (289) heap_init: At 3FFAE6E0 len 00001920 (6 KiB): DRAM[0m
[0;32mI (295) heap_init: At 3FFB2F90 len 0002D070 (180 KiB): DRAM[0m
[0;32mI (302) heap_init: At 3FFE0440 len 00003AE0 (14 KiB): D/IRAM[0m
[0;32mI (308) heap_init: At 3FFE4350 len 0001BCB0 (111 KiB): D/IRAM[0m
[0;32mI (314) heap_init: At 4008F804 len 000107FC (65 KiB): IRAM[0m
[0;32mI (322) spi_flash: detected chip: generic[0m
[0;32mI (325) spi_flash: flash io: dio[0m
[0;32mI (330) main_task: Started on CPU0[0m
[0;32mI (340) main_task: Calling app_main()[0m
[0;31mE (340) SPIFFS: spiffs partition could not be found[0m
ESP_ERROR_CHECK failed: esp_err_t 0x105 (ESP_ERR_NOT_FOUND) at 0x400d694d
file: "./main/main.c" line 90
func: app_main
expression: esp_vfs_spiffs_register(&conf)

abort() was called at PC 0x400871ff on core 0


Backtrace: 0x400819c2:0x3ffb4150 0x40087209:0x3ffb4170 0x4008e0dd:0x3ffb4190 0x400871ff:0x3ffb4200 0x400d694d:0x3ffb4230 0x400f2dec:0x3ffb4280 0x40087c9d:0x3ffb42b0




ELF file SHA256: 94b89b25a

Rebooting...
ets Jul 29 2019 12:21:46

rst:0xc (SW_CPU_RESET),boot:0x13 (SPI_FAST_FLASH_BOOT)
configsip: 0, SPIWP:0xee
clk_drv:0x00,q_drv:0x00,d_drv:0x00,cs0_drv:0x00,hd_drv:0x00,wp_drv:0x00
mode:DIO, clock div:2
load:0x3fff0030,len:7176
load:0x40078000,len:15564
ho 0 tail 12 room 4
load:0x40080400,len:4
load:0x40080404,len:3904
entry 0x40080640
[0;32mI (31) boot: ESP-IDF v5.3.1-dirty 2nd stage bootloader[0m
[0;32mI (31) boot: compile time Jan 30 2025 13:25:58[0m
[0;32mI (31) boot: Multicore bootloader[0m
[0;32mI (36) boot: chip revision: v3.1[0m
[0;32mI (40) boot.esp32: SPI Speed      : 40MHz[0m
[0;32mI (44) boot.esp32: SPI Mode       : DIO[0m
[0;32mI (49) boot.esp32: SPI Flash Size : 4MB[0m
[0;32mI (53) boot: Enabling RNG early entropy source...[0m
[0;32mI (59) boot: Partition Table:[0m
[0;32mI (62) boot: ## Label            Usage          Type ST Offset   Length[0m
[0;32mI (70) boot:  0 nvs              WiFi data        01 02 00009000 00006000[0m
[0;32mI (77) boot:  1 phy_init         RF data          01 01 0000f000 00001000[0m
[0;32mI (85) boot:  2 factory          factory app      00 00 00010000 00100000[0m
[0;32mI (92) boot: End of partition table[0m
[0;32mI (96) esp_image: segment 0: paddr=00010020 vaddr=3f400020 size=0de20h ( 56864) map[0m
[0;32mI (124) esp_image: segment 1: paddr=0001de48 vaddr=3ffb0000 size=021d0h (  8656) load[0m
[0;32mI (128) esp_image: segment 2: paddr=00020020 vaddr=400d0020 size=23634h (144948) map[0m
[0;32mI (180) esp_image: segment 3: paddr=0004365c vaddr=3ffb21d0 size=0045ch (  1116) load[0m
[0;32mI (180) esp_image: segment 4: paddr=00043ac0 vaddr=40080000 size=0f804h ( 63492) load[0m
[0;32mI (218) boot: Loaded app from partition at offset 0x10000[0m
[0;32mI (218) boot: Disabling RNG early entropy source...[0m
[0;32mI (230) cpu_start: Multicore app[0m
[0;32mI (238) cpu_start: Pro cpu start user code[0m
[0;32mI (238) cpu_start: cpu freq: 160000000 Hz[0m
[0;32mI (238) app_init: Application information:[0m
[0;32mI (241) app_init: Project name:     app-template[0m
[0;32mI (247) app_init: App version:      1[0m
[0;32mI (251) app_init: Compile time:     Jan 30 2025 13:25:18[0m
[0;32mI (257) app_init: ELF file SHA256:  94b89b25a...[0m
[0;32mI (262) app_init: ESP-IDF:          v5.3.1-dirty[0m
[0;32mI (268) efuse_init: Min chip rev:     v0.0[0m
[0;32mI (272) efuse_init: Max chip rev:     v3.99 [0m
[0;32mI (277) efuse_init: Chip rev:         v3.1[0m
[0;32mI (282) heap_init: Initializing. RAM available for dynamic allocation:[0m
[0;32mI (289) heap_init: At 3FFAE6E0 len 00001920 (6 KiB): DRAM[0m
[0;32mI (295) heap_init: At 3FFB2F90 len 0002D070 (180 KiB): DRAM[0m
[0;32mI (302) heap_init: At 3FFE0440 len 00003AE0 (14 KiB): D/IRAM[0m
[0;32mI (308) heap_init: At 3FFE4350 len 0001BCB0 (111 KiB): D/IRAM[0m
[0;32mI (314) heap_init: At 4008F804 len 000107FC (65 KiB): IRAM[0m
[0;32mI (322) spi_flash: detected chip: generic[0m
[0;32mI (325) spi_flash: flash io: dio[0m
[0;32mI (330) main_task: Started on CPU0[0m
[0;32mI (340) main_task: Calling app_main()[0m
[0;31mE (340) SPIFFS: spiffs partition could not be found[0m
ESP_ERROR_CHECK failed: esp_err_t 0x105 (ESP_ERR_NOT_FOUND) at 0x400d694d
file: "./main/main.c" line 90
func: app_main
expression: esp_vfs_spiffs_register(&conf)

abort() was called at PC 0x400871ff on core 0


Backtrace: 0x400819c2:0x3ffb4150 0x40087209:0x3ffb4170 0x4008e0dd:0x3ffb4190 0x400871ff:0x3ffb4200 0x400d694d:0x3ffb4230 0x400f2dec:0x3ffb4280 0x40087c9d:0x3ffb42b0




ELF file SHA256: 94b89b25a

Rebooting...
ets Jul 29 2019 12:21:46

rst:0xc (SW_CPU_RESET),boot:0x13 (SPI_FAST_FLASH_BOOT)
configsip: 0, SPIWP:0xee
clk_drv:0x00,q_drv:0x00,d_drv:0x00,cs0_drv:0x00,hd_drv:0x00,wp_drv:0x00
mode:DIO, clock div:2
load:0x3fff0030,len:7176
load:0x40078000,len:15564
ho 0 tail 12 room 4
load:0x40080400,len:4
load:0x40080404,len:3904
entry 0x40080640
[0;32mI (31) boot: ESP-IDF v5.3.1-dirty 2nd stage bootloader[0m
[0;32mI (31) boot: compile time Jan 30 2025 13:25:58[0m
[0;32mI (31) boot: Multicore bootloader[0m
[0;32mI (36) boot: chip revision: v3.1[0m
[0;32mI (40) boot.esp32: SPI Speed      : 40MHz[0m
[0;32mI (44) boot.esp32: SPI Mode       : DIO[0m
[0;32mI (49) boot.esp32: SPI Flash Size : 4MB[0m
[0;32mI (53) boot: Enabling RNG early entropy source...[0m
[0;32mI (59) boot: Partition Table:[0m
[0;32mI (62) boot: ## Label            Usage          Type ST Offset   Length[0m
[0;32mI (70) boot:  0 nvs              WiFi data        01 02 00009000 00006000[0m
[0;32mI (77) boot:  1 phy_init         RF data          01 01 0000f000 00001000[0m
[0;32mI (85) boot:  2 factory          factory app      00 00 00010000 00100000[0m
[0;32mI (92) boot: End of partition table[0m
[0;32mI (96) esp_image: segment 0: paddr=00010020 vaddr=3f400020 size=0de20h ( 56864) map[0m
[0;32mI (124) esp_image: segment 1: paddr=0001de48 vaddr=3ffb0000 size=021d0h (  8656) load[0m
[0;32mI (128) esp_image: segment 2: paddr=00020020 vaddr=400d0020 size=23634h (144948) map[0m
[0;32mI (180) esp_image: segment 3: paddr=0004365c vaddr=3ffb21d0 size=0045ch (  1116) load[0m
[0;32mI (180) esp_image: segment 4: paddr=00043ac0 vaddr=40080000 size=0f804h ( 63492) load[0m
[0;32mI (218) boot: Loaded app from partition at offset 0x10000[0m
[0;32mI (218) boot: Disabling RNG early entropy source...[0m
[0;32mI (230) cpu_start: Multicore app[0m
[0;32mI (238) cpu_start: Pro cpu start user code[0m
[0;32mI (238) cpu_start: cpu freq: 160000000 Hz[0m
[0;32mI (238) app_init: Application information:[0m
[0;32mI (241) app_init: Project name:     app-template[0m
[0;32mI (247) app_init: App version:      1[0m
[0;32mI (251) app_init: Compile time:     Jan 30 2025 13:25:18[0m
[0;32mI (257) app_init: ELF file SHA256:  94b89b25a...[0m
[0;32mI (262) app_init: ESP-IDF:          v5.3.1-dirty[0m
[0;32mI (268) efuse_init: Min chip rev:     v0.0[0m
[0;32mI (272) efuse_init: Max chip rev:     v3.99 [0m
[0;32mI (277) efuse_init: Chip rev:         v3.1[0m
[0;32mI (282) heap_init: Initializing. RAM available for dynamic allocation:[0m
[0;32mI (289) heap_init: At 3FFAE6E0 len 00001920 (6 KiB): DRAM[0m
[0;32mI (295) heap_init: At 3FFB2F90 len 0002D070 (180 KiB): DRAM[0m
[0;32mI (302) heap_init: At 3FFE0440 len 00003AE0 (14 KiB): D/IRAM[0m
[0;32mI (308) heap_init: At 3FFE4350 len 0001BCB0 (111 KiB): D/IRAM[0m
[0;32mI (314) heap_init: At 4008F804 len 000107FC (65 KiB): IRAM[0m
[0;32mI (322) spi_flash: detected chip: generic[0m
[0;32mI (325) spi_flash: flash io: dio[0m
[0;32mI (330) main_task: Started on CPU0[0m
[0;32mI (340) main_task: Calling app_main()[0m
[0;31mE (340) SPIFFS: spiffs partition could not be found[0m
ESP_ERROR_CHECK failed: esp_err_t 0x105 (ESP_ERR_NOT_FOUND) at 0x400d694d
file: "./main/main.c" line 90
func: app_main
expression: esp_vfs_spiffs_register(&conf)

abort() was called at PC 0x400871ff on core 0


Backtrace: 0x400819c2:0x3ffb4150 0x40087209:0x3ffb4170 0x4008e0dd:0x3ffb4190 0x400871ff:0x3ffb4200 0x400d694d:0x3ffb4230 0x400f2dec:0x3ffb4280 0x40087c9d:0x3ffb42b0




ELF file SHA256: 94b89b25a

Rebooting...
ets Jul 29 2019 12:21:46

rst:0xc (SW_CPU_RESET),boot:0x13 (SPI_FAST_FLASH_BOOT)
configsip: 0, SPIWP:0xee
clk_drv:0x00,q_drv:0x00,d_drv:0x00,cs0_drv:0x00,hd_drv:0x00,wp_drv:0x00
mode:DIO, clock div:2
load:0x3fff0030,len:7176
load:0x40078000,len:15564
ho 0 tail 12 room 4
load:0x40080400,len:4
load:0x40080404,len:3904
entry 0x40080640
[0;32mI (31) boot: ESP-IDF v5.3.1-dirty 2nd stage bootloader[0m
[0;32mI (31) boot: compile time Jan 30 2025 13:25:58[0m
[0;32mI (31) boot: Multicore bootloader[0m
[0;32mI (36) boot: chip revision: v3.1[0m
[0;32mI (40) boot.esp32: SPI Speed      : 40MHz[0m
[0;32mI (44) boot.esp32: SPI Mode       : DIO[0m
[0;32mI (49) boot.esp32: SPI Flash Size : 4MB[0m
[0;32mI (53) boot: Enabling RNG early entropy source...[0m
[0;32mI (59) boot: Partition Table:[0m
[0;32mI (62) boot: ## Label            Usage          Type ST Offseets Jul 29 2019 12:21:46

rst:0x1 (POWERON_RESET),boot:0x13 (SPI_FAST_FLASH_BOOT)
configsip: 0, SPIWP:0xee
clk_drv:0x00,q_drv:0x00,d_drv:0x00,cs0_drv:0x00,hd_drv:0x00,wp_drv:0x00
mode:DIO, clock div:2
load:0x3fff0030,len:7176
load:0x40078000,len:15564
ho 0 tail 12 room 4
load:0x40080400,len:4
load:0x40080404,len:3904
entry 0x40080640
[0;32mI (31) boot: ESP-IDF v5.3.1-dirty 2nd stage bootloader[0m
[0;32mI (31) boot: compile time Jan 30 2025 13:25:58[0m
[0;32mI (31) boot: Multicore bootloader[0m
[0;32mI (36) boot: chip revision: v3.1[0m
[0;32mI (40) boot.esp32: SPI Speed      : 40MHz[0m
[0;32mI (44) boot.esp32: SPI Mode       : DIO[0m
[0;32mI (49) boot.esp32: SPI Flash Size : 4MB[0m
[0;32mI (53) boot: Enabling RNG early entropy source...[0m
[0;32mI (59) boot: Partition Table:[0m
[0;32mI (62) boot: ## Label            Usage          Type ST Offset   Length[0m
[0;32mI (70) boot:  0 nvs              WiFi data        01 02 00009000 00006000[0m
[0;32mI (77) boot:  1 phy_init         RF data          01 01 0000f000 00001000[0m
[0;32mI (85) boot:  2 factory          factory app      00 00 00010000 00100000[0m
[0;32mI (92) boot: End of partition table[0m
[0;32mI (96) esp_image: segment 0: paddr=00010020 vaddr=3f400020 size=0de20h ( 56864) map[0m
[0;32mI (124) esp_image: segment 1: paddr=0001de48 vaddr=3ffb0000 size=021d0h (  8656) load[0m
[0;32mI (128) esp_image: segment 2: paddr=00020020 vaddr=400d0020 size=23634h (144948) map[0m
[0;32mI (180) esp_image: segment 3: paddr=0004365c vaddr=3ffb21d0 size=0045ch (  1116) load[0m
[0;32mI (180) esp_image: segment 4: paddr=00043ac0 vaddr=40080000 size=0f804h ( 63492) load[0m
[0;32mI (218) boot: Loaded app from partition at offset 0x10000[0m
[0;32mI (218) boot: Disabling RNG early entropy source...[0m
[0;32mI (230) cpu_start: Multicore app[0m
[0;32mI (238) cpu_start: Pro cpu start user code[0m
[0;32mI (238) cpu_start: cpu freq: 160000000 Hz[0m
[0;32mI (239) app_init: Application information:[0m
[0;32mI (241) app_init: Project name:     app-template[0m
[0;32mI (247) app_init: App version:      1[0m
[0;32mI (251) app_init: Compile time:     Jan 30 2025 13:25:18[0m
[0;32mI (257) app_init: ELF file SHA256:  94b89b25a...[0m
[0;32mI (262) app_init: ESP-IDF:          v5.3.1-dirty[0m
[0;32mI (268) efuse_init: Min chip rev:     v0.0[0m
[0;32mI (272) efuse_init: Max chip rev:     v3.99 [0m
[0;32mI (277) efuse_init: Chip rev:         v3.1[0m
[0;32mI (282) heap_init: Initializing. RAM available for dynamic allocation:[0m
[0;32mI (290) heap_init: At 3FFAE6E0 len 00001920 (6 KiB): DRAM[0m
[0;32mI (295) heap_init: At 3FFB2F90 len 0002D070 (180 KiB): DRAM[0m
[0;32mI (302) heap_init: At 3FFE0440 len 00003AE0 (14 KiB): D/IRAM[0m
[0;32mI (308) heap_init: At 3FFE4350 len 0001BCB0 (111 KiB): D/IRAM[0m
[0;32mI (314) heap_init: At 4008F804 len 000107FC (65 KiB): IRAM[0m
[0;32mI (322) spi_flash: detected chip: generic[0m
[0;32mI (325) spi_flash: flash io: dio[0m
[0;32mI (330) main_task: Started on CPU0[0m
[0;32mI (340) main_task: Calling app_main()[0m
[0;31mE (340) SPIFFS: spiffs partition could not be found[0m
ESP_ERROR_CHECK failed: esp_err_t 0x105 (ESP_ERR_NOT_FOUND) at 0x400d694d
file: "./main/main.c" line 90
func: app_main
expression: esp_vfs_spiffs_register(&conf)

abort() was called at PC 0x400871ff on core 0


Backtrace: 0x400819c2:0x3ffb4150 0x40087209:0x3ffb4170 0x4008e0dd:0x3ffb4190 0x400871ff:0x3ffb4200 0x400d694d:0x3ffb4230 0x400f2dec:0x3ffb4280 0x40087c9d:0x3ffb42b0




ELF file SHA256: 94b89b25a

Rebooting...
ets Jul 29 2019 12:21:46

rst:0xc (SW_CPU_RESET),boot:0x13 (SPI_FAST_FLASH_BOOT)
configsip: 0, SPIWP:0xee
clk_drv:0x00,q_drv:0x00,d_drv:0x00,cs0_drv:0x00,hd_drv:0x00,wp_drv:0x00
mode:DIO, clock div:2
load:0x3fff0030,len:7176
load:0x40078000,len:15564
ho 0 tail 12 room 4
load:0x40080400,len:4
load:0x40080404,len:3904
entry 0x40080640
[0;32mI (31) boot: ESP-IDF v5.3.1-dirty 2nd stage bootloader[0m
[0;32mI (31) boot: compile time Jan 30 2025 13:25:58[0m
[0;32mI (31) boot: Multicore bootloader[0m
[0;32mI (36) boot: chip revision: v3.1[0m
[0;32mI (40) boot.esp32: SPI Speed      : 40MHz[0m
[0;32mI (44) boot.esp32: SPI Mode       : DIO[0m
[0;32mI (49) boot.esp32: SPI Flash Size : 4MB[0m
[0;32mI (53) boot: Enabling RNG early entropy source...[0m
[0;32mI (59) boot: Partition Table:[0m
[0;32mI (62) boot: ## Label            Usage          Type ST Offset   Length[0m
[0;32mI (70) boot:  0 nvs              WiFi data        01 02 00009000 00006000[0m
[0;32mI (77) boot:  1 phy_init         RF data          01 01 0000f000 00001000[0m
[0;32mI (85) boot:  2 factory          factory app      00 00 00010000 00100000[0m
[0;32mI (92) boot: End of partition table[0m
[0;32mI (96) esp_image: segment 0: paddr=00010020 vaddr=3f400020 size=0de20h ( 56864) map[0m
[0;32mI (124) esp_image: segment 1: paddr=0001de48 vaddr=3ffb0000 size=021d0h (  8656) load[0m
[0;32mI (128) esp_image: segment 2: paddr=00020020 vaddr=400d0020 size=23634h (144948) map[0m
[0;32mI (180) esp_image: segment 3: paddr=0004365c vaddr=3ffb21d0 size=0045ch (  1116) load[0m
[0;32mI (180) esp_image: segment 4: paddr=00043ac0 vaddr=40080000 size=0f804h ( 63492) load[0m
[0;32mI (218) boot: Loaded app from partition at offset 0x10000[0m
[0;32mI (218) boot: Disabling RNG early entropy source...[0m
[0;32mI (230) cpu_start: Multicore app[0m
[0;32mI (238) cpu_start: Pro cpu start user code[0m
[0;32mI (238) cpu_start: cpu freq: 160000000 Hz[0m
[0;32mI (238) app_init: Application information:[0m
[0;32mI (241) app_init: Project name:     app-template[0m
[0;32mI (247) app_init: App version:      1[0m
[0;32mI (251) app_init: Compile time:     Jan 30 2025 13:25:18[0m
[0;32mI (257) app_init: ELF file SHA256:  94b89b25a...[0m
[0;32mI (262) app_init: ESP-IDF:          v5.3.1-dirty[0m
[0;32mI (268) efuse_init: Min chip rev:     v0.0[0m
[0;32mI (272) efuse_init: Max chip rev:     v3.99 [0m
[0;32mI (277) efuse_init: Chip rev:         v3.1[0m
[0;32mI (282) heap_init: Initializing. RAM available for dynamic allocation:[0m
[0;32mI (289) heap_init: At 3FFAE6E0 len 00001920 (6 KiB): DRAM[0m
[0;32mI (295) heap_init: At 3FFB2F90 len 0002D070 (180 KiB): DRAM[0m
[0;32mI (302) heap_init: At 3FFE0440 len 00003AE0 (14 KiB): D/IRAM[0m
[0;32mI (308) heap_init: At 3FFE4350 len 0001BCB0 (111 KiB): D/IRAM[0m
[0;32mI (314) heap_init: At 4008F804 len 000107FC (65 KiB): IRAM[0m
[0;32mI (322) spi_flash: detected chip: generic[0m
[0;32mI (325) spi_flash: flash io: dio[0m
[0;32mI (330) main_task: Started on CPU0[0m
[0;32mI (340) main_task: Calling app_main()[0m
[0;31mE (340) SPIFFS: spiffs partition could not be found[0m
ESP_ERROR_CHECK failed: esp_err_t 0x105 (ESP_ERR_NOT_FOUND) at 0x400d694d
file: "./main/main.c" line 90
func: app_main
expression: esp_vfs_spiffs_register(&conf)

abort() was called at PC 0x400871ff on core 0


Backtrace: 0x400819c2:0x3ffb4150 0x40087209:0x3ffb4170 0x4008e0dd:0x3ffb4190 0x400871ff:0x3ffb4200 0x400d694d:0x3ffb4230 0x400f2dec:0x3ffb4280 0x40087c9d:0x3ffb42b0




ELF file SHA256: 94b89b25a

Rebooting...
ets Jul 29 2019 12:21:46

rst:0xc (SW_CPU_RESET),boot:0x13 (SPI_FAST_FLASH_BOOT)
configsip: 0, SPIWP:0xee
clk_drv:0x00,q_drv:0x00,d_drv:0x00,cs0_drv:0x00,hd_drv:0x00,wp_drv:0x00
mode:DIO, clock div:2
load:0x3fff0030,len:7176
load:0x40078000,len:15564
ho 0 tail 12 room 4
load:0x40080400,len:4
load:0x40080404,len:3904
entry 0x40080640
[0;32mI (31) boot: ESP-IDF v5.3.1-dirty 2nd stage bootloader[0m
[0;32mI (31) boot: compile time Jan 30 2025 13:25:58[0m
[0;32mI (31) boot: Multicore bootloader[0m
[0;32mI (36) boot: chip revision: v3.1[0m
[0;32mI (40) boot.esp32: SPI Speed      : 40MHz[0m
[0;32mI (44) boot.esp32: SPI Mode       : DIO[0m
[0;32mI (49) boot.esp32: SPI Flash Size : 4MB[0m
[0;32mI (53) boot: Enabling RNG early entropy source...[0m
[0;32mI (59) boot: Partition Table:[0m
[0;32mI (62) boot: ## Label            Usage          Type ST Offset   Length[0m
[0;32mI (70) boot:  0 nvs              WiFi data        01 02 00009000 00006000[0m
[0;32mI (77) boot:  1 phy_init         RF data          01 01 0000f000 00001000[0m
[0;32mI (85) boot:  2 factory          factory app      00 00 00010000 00100000[0m
[0;32mI (92) boot: End of partition table[0m
[0;32mI (96) esp_image: segment 0: paddr=00010020 vaddr=3f400020 size=0de20h ( 56864) map[0m
[0;32mI (124) esp_image: segment 1: paddr=0001de48 vaddr=3ffb0000 size=021d0h (  8656) load[0m
[0;32mI (128) esp_image: segment 2: paddr=00020020 vaddr=400d0020 size=23634h (144948) map[0m
[0;32mI (180) esp_image: segment 3: paddr=0004365c vaddr=3ffb21d0 size=0045ch (  1116) load[0m
[0;32mI (180) esp_image: segment 4: paddr=00043ac0 vaddr=40080000 size=0f804h ( 63492) load[0m
[0;32mI (218) boot: Loaded app from partition at offset 0x10000[0m
[0;32mI (218) boot: Disabling RNG early entropy source...[0m
[0;32mI (230) cpu_start: Multicore app[0m
[0;32mI (238) cpu_start: Pro cpu start user code[0m
[0;32mI (238) cpu_start: cpu freq: 160000000 Hz[0m
[0;32mI (238) app_init: Application information:[0m
[0;32mI (241) app_init: Project name:     app-template[0m
[0;32mI (247) app_init: App version:      1[0m
[0;32mI (251) app_init: Compile time:     Jan 30 2025 13:25:18[0m
[0;32mI (257) app_init: ELF file SHA256:  94b89b25a...[0m
[0;32mI (262) app_init: ESP-IDF:          v5.3.1-dirty[0m
[0;32mI (268) efuse_init: Min chip rev:     v0.0[0m
[0;32mI (272) efuse_init: Max chip rev:     v3.99 [0m
[0;32mI (277) efuse_init: Chip rev:         v3.1[0m
[0;32mI (282) heap_init: Initializing. RAM available for dynamic allocation:[0m
[0;32mI (289) heap_init: At 3FFAE6E0 len 00001920 (6 KiB): DRAM[0m
[0;32mI (295) heap_init: At 3FFB2F90 len 0002D070 (180 KiB): DRAM[0m
[0;32mI (302) heap_init: At 3FFE0440 len 00003AE0 (14 KiB): D/IRAM[0m
[0;32mI (308) heap_init: At 3FFE4350 len 0001BCB0 (111 KiB): D/IRAM[0m
[0;32mI (314) heap_init: At 4008F804 len 000107FC (65 KiB): IRAM[0m
[0;32mI (322) spi_flash: detected chip: generic[0m
[0;32mI (325) spi_flash: flash io: dio[0m
[0;32mI (330) main_task: Started on CPU0[0m
[0;32mI (340) main_task: Calling app_main()[0m
[0;31mE (340) SPIFFS: spiffs partition could not be found[0m
ESP_ERROR_CHECK failed: esp_err_t 0x105 (ESP_ERR_NOT_FOUND) at 0x400d694d
file: "./main/main.c" line 90
func: app_main
expression: esp_vfs_spiffs_register(&conf)

abort() was called at PC 0x400871ff on core 0


Backtrace: 0x400819c2:0x3ffb4150 0x40087209:0x3ffb4170 0x4008e0dd:0x3ffb4190 0x400871ff:0x3ffb4200 0x400d694d:0x3ffb4230 0x400f2dec:0x3ffb4280 0x40087c9d:0x3ffb42b0




ELF file SHA256: 94b89b25a

Rebooting...
ets Jul 29 2019 12:21:46

rst:0xc (SW_CPU_RESET),boot:0x13 (SPI_FAST_FLASH_BOOT)
configsip: 0, SPIWP:0xee
clk_drv:0x00,q_drv:0x00,d_drv:0x00,cs0_drv:0x00,hd_drv:0x00,wp_drv:0x00
mode:DIO, clock div:2
load:0x3fff0030,len:7176
load:0x40078000,len:15564
ho 0 tail 12 room 4
load:0x40080400,len:4
load:0x40080404,len:3904
entry 0x40080640
[0;32mI (31) boot: ESP-IDF v5.3.1-dirty 2nd stage bootloader[0m
[0;32mI (31) boot: compile time Jan 30 2025 13:25:58[0m
[0;32mI (31) boot: Multicore bootloader[0m
[0;32mI (36) boot: chip revision: v3.1[0m
[0;32mI (40) boot.esp32: SPI Speed      : 40MHz[0m
[0;32mI (44) boot.esp32: SPI Mode       : DIO[0m
[0;32mI (49) boot.esp32: SPI Flash Size : 4MB[0m
[0;32mI (53) boot: Enabling RNG early entropy source...[0m
[0;32mI (59) boot: Partition Table:[0m
[0;32mI (62) boot: ## Label            Usage          Type ST Offset   Length[0m
[0;32mI (70) boot:  0 nvs              WiFi data        01 02 00009000 00006000[0m
[0;32mI (77) boot:  1 phy_init         RF data          01 01 0000f000 00001000[0m
[0;32mI (85) boot:  2 factory          factory app      00 00 00010000 00100000[0m
[0;32mI (92) boot: End of partition table[0m
[0;32mI (96) esp_image: segment 0: paddr=00010020 vaddr=3f400020 size=0de20h ( 56864) map[0m
[0;32mI (124) esp_image: segment 1: paddr=0001de48 vaddr=3ffb0000 size=021d0h (  8656) load[0m
[0;32mI (128) esp_image: segment 2: paddr=00020020 vaddr=400d0020 size=23634h (144948) map[0m
[0;32mI (180) esp_image: segment 3: paddr=0004365c vaddr=3ffb21d0 size=0045ch (  1116) load[0m
[0;32mI (180) esp_image: segment 4: paddr=00043ac0 vaddr=40080000 size=0f804h ( 63492) load[0m
ets Jul 29 2019 12:21:46

rst:0x1 (POWERON_RESET),boot:0x3 (DOWNLOAD_BOOT(UART0/UART1/SDIO_REI_REO_V2))
waiting for download
ets Jul 29 2019 12:21:46

rst:0x1 (POWERON_RESET),boot:0x3 (DOWNLOAD_BOOT(UART0/UART1/SDIO_REI_REO_V2))
waiting for download
ets Jul 29 2019 12:21:46

rst:0x1 (POWERON_RESET),boot:0x13 (SPI_FAST_FLASH_BOOT)
configsip: 0, SPIWP:0xee
clk_drv:0x00,q_drv:0x00,d_drv:0x00,cs0_drv:0x00,hd_drv:0x00,wp_drv:0x00
mode:DIO, clock div:2
load:0x3fff0030,len:7176
load:0x40078000,len:15564
ho 0 tail 12 room 4
load:0x40080400,len:4
load:0x40080404,len:3904
entry 0x40080640
[0;32mI (31) boot: ESP-IDF v5.3.1-dirty 2nd stage bootloader[0m
[0;32mI (31) boot: compile time Jan 30 2025 13:25:58[0m
[0;32mI (31) boot: Multicore bootloader[0m
[0;32mI (36) boot: chip revision: v3.1[0m
[0;32mI (40) boot.esp32: SPI Speed      : 40MHz[0m
[0;32mI (44) boot.esp32: SPI Mode       : DIO[0m
[0;32mI (49) boot.esp32: SPI Flash Size : 4MB[0m
[0;32mI (53) boot: Enabling RNG early entropy source...[0m
[0;32mI (59) boot: Partition Table:[0m
[0;32mI (62) boot: ## Label            Usage          Type ST Offset   Length[0m
[0;32mI (70) boot:  0 nvs              WiFi data        01 02 00009000 00006000[0m
[0;32mI (77) boot:  1 phy_init         RF data          01 01 0000f000 00001000[0m
[0;32mI (85) boot:  2 factory          factory app      00 00 00010000 00100000[0m
[0;32mI (92) boot: End of partition table[0m
[0;32mI (96) esp_image: segment 0: paddr=00010020 vaddr=3f400020 size=0de20h ( 56864) map[0m
[0;32mI (124) esp_image: segment 1: paddr=0001de48 vaddr=3ffb0000 size=021d0h (  8656) load[0m
[0;32mI (128) esp_image: segment 2: paddr=00020020 vaddr=400d0020 size=23634h (144948) map[0m
[0;32mI (180) esp_image: segment 3: paddr=0004365c vaddr=3ffb21d0 size=0045ch (  1116) load[0m
[0;32mI (180) esp_image: segment 4: paddr=00043ac0 vaddr=40080000 size=0f804h ( 63492) load[0m
[0;32mI (218) boot: Loaded app from partition at offset 0x10000[0m
[0;32mI (218) boot: Disabling RNG early entropy source...[0m
[0;32mI (230) cpu_start: Multicore app[0m
[0;32mI (238) cpu_start: Pro cpu start user code[0m
[0;32mI (238) cpu_start: cpu freq: 160000000 Hz[0m
[0;32mI (239) app_init: Application information:[0m
[0;32mI (241) app_init: Project name:     app-template[0m
[0;32mI (247) app_init: App version:      1[0m
[0;32mI (251) app_init: Compile time:     Jan 30 2025 13:25:18[0m
[0;32mI (257) app_init: ELF file SHA256:  94b89b25a...[0m
[0;32mI (262) app_init: ESP-IDF:          v5.3.1-dirty[0m
[0;32mI (268) efuse_init: Min chip rev:     v0.0[0m
[0;32mI (272) efuse_init: Max chip rev:     v3.99 [0m
[0;32mI (277) efuse_init: Chip rev:         v3.1[0m
[0;32mI (282) heap_init: Initializing. RAM available for dynamic allocation:[0m
[0;32mI (290) heap_init: At 3FFAE6E0 len 00001920 (6 KiB): DRAM[0m
[0;32mI (295) heap_init: At 3FFB2F90 len 0002D070 (180 KiB): DRAM[0m
[0;32mI (302) heap_init: At 3FFE0440 len 00003AE0 (14 KiB): D/IRAM[0m
[0;32mI (308) heap_init: At 3FFE4350 len 0001BCB0 (111 KiB): D/IRAM[0m
[0;32mI (314) heap_init: At 4008F804 len 000107FC (65 KiB): IRAM[0m
[0;32mI (322) spi_flash: detected chip: generic[0m
[0;32mI (325) spi_flash: flash io: dio[0m
[0;32mI (330) main_task: Started on CPU0[0m
[0;32mI (340) main_task: Calling app_main()[0m
[0;31mE (340) SPIFFS: spiffs partition could not be found[0m
ESP_ERROR_CHECK failed: esp_err_t 0x105 (ESP_ERR_NOT_FOUND) at 0x400d694d
file: "./main/main.c" line 90
func: app_main
expression: esp_vfs_spiffs_register(&conf)

abort() was called at PC 0x400871ff on core 0


Backtrace: 0x400819c2:0x3ffb4150 0x40087209:0x3ffb4170 0x4008e0dd:0x3ffb4190 0x400871ff:0x3ffb4200 0x400d694d:0x3ffb4230 0x400f2dec:0x3ffb4280 0x40087c9d:0x3ffb42b0




ELF file SHA256: 94b89b25a

Rebooting...
ets Jul 29 2019 12:21:46

rst:0xc (SW_CPU_RESET),boot:0x13 (SPI_FAST_FLASH_BOOT)
configsip: 0, SPIWP:0xee
clk_drv:0x00,q_drv:0x00,d_drv:0x00,cs0_drv:0x00,hd_drv:0x00,wp_drv:0x00
mode:DIO, clock div:2
load:0x3fff0030,len:7176
load:0x40078000,len:15564
ho 0 tail 12 room 4
load:0x40080400,len:4
load:0x40080404,len:3904
entry 0x40080640
[0;32mI (31) boot: ESP-IDF v5.3.1-dirty 2nd stage bootloader[0m
[0;32mI (31) boot: compile time Jan 30 2025 13:25:58[0m
[0;32mI (31) boot: Multicore bootloader[0m
[0;32mI (36) boot: chip revision: v3.1[0m
[0;32mI (40) boot.esp32: SPI Speed      : 40MHz[0m
[0;32mI (44) boot.esp32: SPI Mode       : DIO[0m
[0;32mI (49) boot.esp32: SPI Flash Size : 4MB[0m
[0;32mI (53) boot: Enabling RNG early entropy source...[0m
[0;32mI (59) boot: Partition Table:[0m
[0;32mI (62) boot: ## Label            Usage          Type ST Offset   Length[0m
[0;32mI (70) boot:  0 nvs              WiFi data        01 02 00009000 00006000[0m
[0;32mI (77) boot:  1 phy_init         RF data          01 01 0000f000 00001000[0m
[0;32mI (85) boot:  2 factory          factory app      00 00 00010000 00100000[0m
[0;32mI (92) boot: End of partition table[0m
[0;32mI (96) esp_image: segment 0: paddr=00010020 vaddr=3f400020 size=0de20h ( 56864) map[0m
[0;32mI (124) esp_image: segment 1: paddr=0001de48 vaddr=3ffb0000 size=021d0h (  8656) load[0m
[0;32mI (128) esp_image: segment 2: paddr=00020020 vaddr=400d0020 size=23634h (144948) map[0m
[0;32mI (180) esp_image: segment 3: paddr=0004365c vaddr=3ffb21d0 size=0045ch (  1116) load[0m
[0;32mI (180) esp_image: segment 4: paddr=00043ac0 vaddr=40080000 size=0f804h ( 63492) load[0m
[0;32mI (218) boot: Loaded app from partition at offset 0x10000[0m
[0;32mI (218) boot: Disabling RNG early entropy source...[0m
[0;32mI (230) cpu_start: Multicore app[0m
[0;32mI (238) cpu_start: Pro cpu start user code[0m
[0;32mI (238) cpu_start: cpu freq: 160000000 Hz[0m
[0;32mI (238) app_init: Application information:[0m
[0;32mI (241) app_init: Project name:     app-template[0m
[0;32mI (247) app_init: App version:      1[0m
[0;32mI (251) app_init: Compile time:     Jan 30 2025 13:25:18[0m
[0;32mI (257) app_init: ELF file SHA256:  94b89b25a...[0m
[0;32mI (262) app_init: ESP-IDF:          v5.3.1-dirty[0m
[0;32mI (268) efuse_init: Min chip rev:     v0.0[0m
[0;32mI (272) efuse_init: Max chip rev:     v3.99 [0m
[0;32mI (277) efuse_init: Chip rev:         v3.1[0m
[0;32mI (282) heap_init: Initializing. RAM available for dynamic allocation:[0m
[0;32mI (289) heap_init: At 3FFAE6E0 len 00001920 (6 KiB): DRAM[0m
[0;32mI (295) heap_init: At 3FFB2F90 len 0002D070 (180 KiB): DRAM[0m
[0;32mI (302) heap_init: At 3FFE0440 len 00003AE0 (14 KiB): D/IRAM[0m
[0;32mI (308) heap_init: At 3FFE4350 len 0001BCB0 (111 KiB): D/IRAM[0m
[0;32mI (314) heap_init: At 4008F804 len 000107FC (65 KiB): IRAM[0m
[0;32mI (322) spi_flash: detected chip: generic[0m
[0;32mI (325) spi_flash: flash io: dio[0m
[0;32mI (330) main_task: Started on CPU0[0m
[0;32mI (340) main_task: Calling app_main()[0m
[0;31mE (340) SPIFFS: spiffs partition could not be found[0m
ESP_ERROR_CHECK failed: esp_err_t 0x105 (ESP_ERR_NOT_FOUND) at 0x400d694d
file: "./main/main.c" line 90
func: app_main
expression: esp_vfs_spiffs_register(&conf)

abort() was called at PC 0x400871ff on core 0


Backtrace: 0x400819c2:0x3ffb4150 0x40087209:0x3ffb4170 0x4008e0dd:0x3ffb4190 0x400871ff:0x3ffb4200 0x400d694d:0x3ffb4230 0x400f2dec:0x3ffb4280 0x40087c9d:0x3ffb42b0




ELF file SHA256: 94b89b25a

Rebooting...
ets Jul 29 2019 12:21:46

rst:0xc (SW_CPU_RESET),boot:0x13 (SPI_FAST_FLASH_BOO�ets Jul 29 2019 12:21:46

rst:0x1 (POWERON_RESET),boot:0x3 (DOWNLOAD_BOOT(UART0/UART1/SDIO_REI_REO_V2))
waiting for download
ets Jul 29 2019 12:21:46

rst:0x1 (POWERON_RESET),boot:0x13 (SPI_FAST_FLASH_BOOT)
configsip: 0, SPIWP:0xee
clk_drv:0x00,q_drv:0x00,d_drv:0x00,cs0_drv:0x00,hd_drv:0x00,wp_drv:0x00
mode:DIO, clock div:2
load:0x3fff0030,len:7176
load:0x40078000,len:15564
ho 0 tail 12 room 4
load:0x40080400,len:4
load:0x40080404,len:3904
entry 0x40080640
[0;32mI (31) boot: ESP-IDF v5.3.1-dirty 2nd stage bootloader[0m
[0;32mI (31) boot: compile time Jan 30 2025 13:25:58[0m
[0;32mI (31) boot: Multicore bootloader[0m
[0;32mI (36) boot: chip revision: v3.1[0m
[0;32mI (40) boot.esp32: SPI Speed      : 40MHz[0m
[0;32mI (44) boot.esp32: SPI Mode       : DIO[0m
[0;32mI (49) boot.esp32: SPI Flash Size : 4MB[0m
[0;32mI (53) boot: Enabling RNG early entropy source...[0m
[0;32mI (59) boot: Partition Table:[0m
[0;32mI (62) boot: ## Label            Usage          Type ST Offset   Length[0m
[0;32mI (70) boot:  0 nvs              WiFi data        01 02 00009000 00006000[0m
[0;32mI (77) boot:  1 phy_init         RF data          01 01 0000f000 00001000[0m
[0;32mI (85) boot:  2 factory          factory app      00 00 00010000 00100000[0m
[0;32mI (92) boot: End of partition table[0m
[0;32mI (96) esp_image: segment 0: paddr=00010020 vaddr=3f400020 size=0de20h ( 56864) map[0m
[0;32mI (124) esp_image: segment 1: paddr=0001de48 vaddr=3ffb0000 size=021d0h (  8656) load[0m
[0;32mI (128) esp_image: segment 2: paddr=00020020 vaddr=400d0020 size=23634h (144948) map[0m
[0;32mI (180) esp_image: segment 3: paddr=0004365c vaddr=3ffb21d0 size=0045ch (  1116) load[0m
[0;32mI (180) esp_image: segment 4: paddr=00043ac0 vaddr=40080000 size=0f804h ( 63492) load[0m
[0;32mI (218) boot: Loaded app from partition at offset 0x10000[0m
[0;32mI (218) boot: Disabling RNG early entropy source...[0m
[0;32mI (230) cpu_start: Multicore app[0m
[0;32mI (238) cpu_start: Pro cpu start user code[0m
[0;32mI (238) cpu_start: cpu freq: 160000000 Hz[0m
[0;32mI (239) app_init: Application information:[0m
[0;32mI (241) app_init: Project name:     app-template[0m
[0;32mI (247) app_init: App version:      1[0m
[0;32mI (251) app_init: Compile time:     Jan 30 2025 13:25:18[0m
[0;32mI (257) app_init: ELF file SHA256:  94b89b25a...[0m
[0;32mI (262) app_init: ESP-IDF:          v5.3.1-dirty[0m
[0;32mI (268) efuse_init: Min chip rev:     v0.0[0m
[0;32mI (272) efuse_init: Max chip rev:     v3.99 [0m
[0;32mI (277) efuse_init: Chip rev:         v3.1[0m
[0;32mI (282) heap_init: Initializing. RAM available for dynamic allocation:[0m
[0;32mI (290) heap_init: At 3FFAE6E0 len 00001920 (6 KiB): DRAM[0m
[0;32mI (295) heap_init: At 3FFB2F90 len 0002D070 (180 KiB): DRAM[0m
[0;32mI (302) heap_init: At 3FFE0440 len 00003AE0 (14 KiB): D/IRAM[0m
[0;32mI (308) heap_init: At 3FFE4350 len 0001BCB0 (111 KiB): D/IRAM[0m
[0;32mI (314) heap_init: At 4008F804 len 000107FC (65 KiB): IRAM[0m
[0;32mI (322) spi_flash: detected chip: generic[0m
[0;32mI (325) spi_flash: flash io: dio[0m
[0;32mI (330) main_task: Started on CPU0[0m
[0;32mI (340) main_task: Calling app_main()[0m
[0;31mE (340) SPIFFS: spiffs partition could not be found[0m
ESP_ERROR_CHECK failed: esp_err_t 0x105 (ESP_ERR_NOT_FOUND) at 0x400d694d
file: "./main/main.c" line 90
func: app_main
expression: esp_vfs_spiffs_register(&conf)

abort() was called at PC 0x400871ff on core 0


Backtrace: 0x400819c2:0x3ffb4150 0x40087209:0x3ffb4170 0x4008e0dd:0x3ffb4190 0x400871ff:0x3ffb4200 0x400d694d:0x3ffb4230 0x400f2dec:0x3ffb4280 0x40087c9d:0x3ffb42b0




ELF file SHA256: 94b89b25a

Rebooting...
ets Jul 29 2019 12:21:46

rst:0xc (SW_CPU_RESET),boot:0x13 (SPI_FAST_FLASH_BOOT)
configsip: 0, SPIWP:0xee
clk_drv:0x00,q_drv:0x00,d_drv:0x00,cs0_drv:0x00,hd_drv:0x00,wp_drv:0x00
mode:DIO, clock div:2
load:0x3fff0030,len:7176
load:0x40078000,len:15564
ho 0 tail 12 room 4
load:0x40080400,len:4
load:0x40080404,len:3904
entry 0x40080640
[0;32mI (31) boot: ESP-IDF v5.3.1-dirty 2nd stage bootloader[0m
[0;32mI (31) boot: compile time Jan 30 2025 13:25:58[0m
[0;32mI (31) boot: Multicore bootloader[0m
[0;32mI (36) boot: chip revision: v3.1[0m
[0;32mI (40) boot.esp32: SPI Speed      : 40MHz[0m
[0;32mI (44) boot.esp32: SPI Mode       : DIO[0m
[0;32mI (49) boot.esp32: SPI Flash Size : 4MB[0m
[0;32mI (53) boot: Enabling RNG early entropy source...[0m
[0;32mI (59) boot: Partition Table:[0m
[0;32mI (62) boot: ## Label            Usage          Type ST Offset   Length[0m
[0;32mI (70) boot:  0 nvs              WiFi data        01 02 00009000 00006000[0m
[0;32mI (77) boot:  1 phy_init         RF data          01 01 0000f000 00001000[0m
[0;32mI (85) boot:  2 factory          factory app      00 00 00010000 00100000[0m
[0;32mI (92) boot: End of partition table[0m
[0;32mI (96) esp_image: segment 0: paddr=00010020 vaddr=3f400020 size=0de20h ( 56864) map[0m
[0;32mI (124) esp_image: segment 1: paddr=0001de48 vaddr=3ffb0000 size=021d0h (  8656) load[0m
[0;32mI (128) esp_image: segment 2: paddr=00020020 vaddr=400d0020 size=23634h (144948) map[0m
[0;32mI (180) esp_image: segment 3: paddr=0004365c vaddr=3ffb21d0 size=0045ch (  1116) load[0m
[0;32mI (180) esp_image: segment 4: paddr=00043ac0 vaddr=40080000 size=0f804h ( 63492) load[0m
[0;32mI (218) boot: Loaded app from partition at offset 0x10000[0m
[0;32mI (218) boot: Disabling RNG early entropy source...[0m
[0;32mI (230) cpu_start: Multicore app[0m
[0;32mI (238) cpu_start: Pro cpu start user code[0m
[0;32mI (238) cpu_start: cpu freq: 160000000 Hz[0m
[0;32mI (238) app_init: Application information:[0m
[0;32mI (241) app_init: Project name:     app-template[0m
[0;32mI (247) app_init: App version:      1[0m
[0;32mI (251) app_init: Compile time:     Jan 30 2025 13:25:18[0m
[0;32mI (257) app_init: ELF file SHA256:  94b89b25a...[0m
[0;32mI (262) app_init: ESP-IDF:          v5.3.1-dirty[0m
[0;32mI (268) efuse_init: Min chip rev:     v0.0[0m
[0;32mI (272) efuse_init: Max chip rev:     v3.99 [0m
[0;32mI (277) efuse_init: Chip rev:         v3.1[0m
[0;32mI (282) heap_init: Initializing. RAM available for dynamic allocation:[0m
[0;32mI (289) heap_init: At 3FFAE6E0 len 00001920 (6 KiB): DRAM[0m
[0;32mI (295) heap_init: At 3FFB2F90 len 0002D070 (180 KiB): DRAM[0m
[0;32mI (302) heap_init: At 3FFE0440 len 00003AE0 (14 KiB): D/IRAM[0m
[0;32mI (308) heap_init: At 3FFE4350 len 0001BCB0 (111 KiB): D/IRAM[0m
[0;32mI (314) heap_init: At 4008F804 len 000107FC (65 KiB): IRAM[0m
[0;32mI (322) spi_flash: detected chip: generic[0m
[0;32mI (325) spi_flash: flash io: dio[0m
[0;32mI (330) main_task: Started on CPU0[0m
[0;32mI (340) main_task: Calling app_main()[0m
[0;31mE (340) SPIFFS: spiffs partition could not be found[0m
ESP_ERROR_CHECK failed: esp_err_t 0x105 (ESP_ERR_NOT_FOUND) at 0x400d694d
file: "./main/main.c" line 90
func: app_main
expression: esp_vfs_spiffs_register(&conf)

abort() was called at PC 0x400871ff on core 0


Backtrace: 0x400819c2:0x3ffb4150 0x40087209:0x3ffb4170 0x4008e0dd:0x3ffb4190 0x400871ff:0x3ffb4200 0x400d694d:0x3ffb4230 0x400f2dec:0x3ffb4280 0x40087c9d:0x3ffb42b0




ELF file SHA256: 94b89b25a

Rebooting...
ets Jul 29 2019 12:21:46

rst:0xc (SW_CPU_RESET),boot:0x13 (SPI_FAST_FLASH_BOOT)
configsip: 0, SPIWP:0xee
clk_drv:0x00,q_drv:0x00,d_drv:0x00,cs0_drv:0x00,hd_drv:0x00,wp_drv:0x00
mode:DIO, clock div:2
load:0x3fff0030,len:7176
load:0x40078000,len:15564
ho 0 tail 12 room 4
load:0x40080400,len:4
load:0x40080404,len:3904
entry 0x40080640
[0;32mI (31) boot: ESP-IDF v5.3.1-dirty 2nd stage bootloader[0m
[0;32mI (31) boot: compile time Jan 30 2025 13:25:58[0m
[0;32mI (31) boot: Multicore bootloader[0m
[0;32mI (36) boot: chip revision: v3.1[0m
[0;32mI (40) boot.esp32: SPI Speed      : 40MHz[0m
[0;32mI (44) boot.esp32: SPI Mode       : DIO[0m
[0;32mI (49) boot.esp32: SPI Flash Size : 4MB[0m
[0;32mI (53) boot: Enabling RNG early entropy source...[0m
[0;32mI (59) boot: Partition Table:[0m
[0;32mI (62) boot: ## Label            Usage          Type ST Offset   Length[0m
[0;32mI (70) boot:  0 nvs              WiFi data        01 02 00009000 00006000[0m
[0;32mI (77) boot:  1 phy_init         RF data          01 01 0000f000 00001000[0m
[0;32mI (85) boot:  2 factory          factory app      00 00 00010000 00100000[0m
[0;32mI (92) boot: End of partition table[0m
[0;32mI (96) esp_image: segment 0: paddr=00010020 vaddr=3f400020 size=0de20h ( 56864) map[0m
[0;32mI (124) esp_image: segment 1: paddr=0001de48 vaddr=3ffb0000 size=021d0h (  8656) load[0m
[0;32mI (128) esp_image: segment 2: paddr=00020020 vaddr=400d0020 size=23634h (144948) map[0m
[0;32mI (180) esp_image: segment 3: paddr=0004365c vaddr=3ffb21d0 size=0045ch (  1116) load[0m
[0;32mI (180) esp_image: segment 4: paddr=00043ac0 vaddr=40080000 size=0f804h ( 63492) load[0m
[0;32�ets Jul 29 2019 12:21:46

rst:0x1 (POWERON_RESET),boot:0x3 (DOWNLOAD_BOOT(UART0/UART1/SDIO_REI_REO_V2))
waiting for download
ets Jul 29 2019 12:21:46

rst:0x1 (POWERON_RESET),boot:0x3 (DOWNLOAD_BOOT(UART0/UART1/SDIO_REI_REO_V2))
waiting for download
ets Jul 29 2019 12:21:46

rst:0x1 (POWERON_RESET),boot:0x3 (DOWNLOAD_BOOT(UART0/UART1/SDIO_REI_REO_V2))
waiting for download
ets Jul 29 2019 12:21:46

rst:0x1 (POWERON_RESET),boot:0x3 (DOWNLOAD_BOOT(UART0/UART1/SDIO_REI_REO_V2))
waiting for download
ets Jul 29 2019 12:21:46

rst:0x1 (POWERON_RESET),boot:0x13 (SPI_FAST_FLASH_BOOT)
configsip: 0, SPIWP:0xee
clk_drv:0x00,q_drv:0x00,d_drv:0x00,cs0_drv:0x00,hd_drv:0x00,wp_drv:0x00
mode:DIO, clock div:2
load:0x3fff0030,len:7176
load:0x40078000,len:15564
ho 0 tail 12 room 4
load:0x40080400,len:4
load:0x40080404,len:3904
entry 0x40080640
[0;32mI (31) boot: ESP-IDF v5.3.1-dirty 2nd stage bootloader[0m
[0;32mI (31) boot: compile time Jan 30 2025 13:25:58[0m
[0;32mI (31) boot: Multicore bootloader[0m
[0;32mI (36) boot: chip revision: v3.1[0m
[0;32mI (40) boot.esp32: SPI Speed      : 40MHz[0m
[0;32mI (44) boot.esp32: SPI Mode       : DIO[0m
[0;32mI (49) boot.esp32: SPI Flash Size : 4MB[0m
[0;32mI (53) boot: Enabling RNG early entropy source...[0m
[0;32mI (59) boot: Partition Table:[0m
[0;32mI (62) boot: ## Label            Usage          Type ST Offset   Length[0m
[0;32mI (70) boot:  0 nvs              WiFi data        01 02 00009000 00006000[0m
[0;32mI (77) boot:  1 phy_init         RF data          01 01 0000f000 00001000[0m
[0;32mI (85) boot:  2 factory          factory app      00 00 00010000 00100000[0m
[0;32mI (92) boot: End of partition table[0m
[0;32mI (96) esp_image: segment 0: paddr=00010020 vaddr=3f400020 size=0de20h ( 56864) map[0m
[0;32mI (124) esp_image: segment 1: paddr=0001de48 vaddr=3ffb0000 size=021d0h (  8656) load[0m
[0;32mI (128) esp_image: segment 2: paddr=00020020 vaddr=400d0020 size=23634h